Archive member included because of file (symbol)

c:/NXP/bstudio_nxp/sdk/JN-SW-4168/Components/Library\libOS_JN516x.a(os.o)
                              os_gen.o (symbol from plugin) (os_vStart)
c:/NXP/bstudio_nxp/sdk/JN-SW-4168/Components/Library\libOS_JN516x.a(os_contirq_JN516x.o)
                              os_irq.o (os_UnclaimedException_W)
c:/NXP/bstudio_nxp/sdk/JN-SW-4168/Components/Library\libPWRM_JN516x.a(pwrm.o)
                              app_start.o (symbol from plugin) (PWRM_vManagePower)
c:/NXP/bstudio_nxp/sdk/JN-SW-4168/Components/Library\libPWRM_JN516x.a(pwrm_setjmp_JN516x.o)
                              pwrm.o (symbol from plugin) (setjmp)
c:/NXP/bstudio_nxp/sdk/JN-SW-4168/Components/Library\libPWRM_JN516x.a(pwrm_cold_start.o)
                              (AppColdStart)
c:/NXP/bstudio_nxp/sdk/JN-SW-4168/Components/Library\libPWRM_JN516x.a(pwrm_warm_start.o)
                              (AppWarmStart)
c:/NXP/bstudio_nxp/sdk/JN-SW-4168/Components/Library\libPDUM_JN516x.a(pdum_nwk.o)
                              pdum_gen.o (symbol from plugin) (pdum_vNPduInit)
c:/NXP/bstudio_nxp/sdk/JN-SW-4168/Components/Library\libPDUM_JN516x.a(pdum_apl.o)
                              appZdpExtraction.o (symbol from plugin) (PDUM_u16APduInstanceReadNBO)
c:/NXP/bstudio_nxp/sdk/JN-SW-4168/Components/Library\libPDUM_JN516x.a(pdum.o)
                              pdum_nwk.o (symbol from plugin) (PDUM_u16SizeNBO)
c:/NXP/bstudio_nxp/sdk/JN-SW-4168/Components/Library\libZPSAPL_JN516x.a(zps_apl_af.o)
                              app_start.o (symbol from plugin) (ZPS_eAplAfInit)
c:/NXP/bstudio_nxp/sdk/JN-SW-4168/Components/Library\libZPSAPL_JN516x.a(zps_apl_af_apsde.o)
                              zps_gen.o (symbol from plugin) (zps_vHandleApsdeDataFragInd)
c:/NXP/bstudio_nxp/sdk/JN-SW-4168/Components/Library\libZPSAPL_JN516x.a(zps_apl_task.o)
                              zps_apl_af_apsde.o (symbol from plugin) (zps_vAplAfPostEvent)
c:/NXP/bstudio_nxp/sdk/JN-SW-4168/Components/Library\libZPSAPL_JN516x.a(zps_apl_apsde.o)
                              zps_apl_task.o (symbol from plugin) (ZPS_vAplRegisterApsdeDcfmIndCallbacks)
c:/NXP/bstudio_nxp/sdk/JN-SW-4168/Components/Library\libZPSAPL_JN516x.a(zps_apl_apsme.o)
                              zps_apl_task.o (symbol from plugin) (ZPS_vAplRegisterApsmeDcfmIndCallbacks)
c:/NXP/bstudio_nxp/sdk/JN-SW-4168/Components/Library\libZPSAPL_JN516x.a(zps_apl_aps_nlde.o)
                              zps_apl_task.o (symbol from plugin) (zps_vAplApsHandleNldeDcfmInd)
c:/NXP/bstudio_nxp/sdk/JN-SW-4168/Components/Library\libZPSAPL_JN516x.a(zps_apl_sec.o)
                              zps_apl_task.o (symbol from plugin) (zps_psFindKeyDescr)
c:/NXP/bstudio_nxp/sdk/JN-SW-4168/Components/Library\libZPSAPL_JN516x.a(zps_apl_aib.o)
                              app_Znc_cmds.o (symbol from plugin) (zps_psAplAibGetAib)
c:/NXP/bstudio_nxp/sdk/JN-SW-4168/Components/Library\libZPSAPL_JN516x.a(zps_apl_zdo_nwkmanager.o)
                              zps_apl_apsme.o (symbol from plugin) (zps_vAplSaveRecord)
c:/NXP/bstudio_nxp/sdk/JN-SW-4168/Components/Library\libZPSAPL_JN516x.a(zps_apl_zdo_handle_zdp_event.o)
                              zps_apl_task.o (symbol from plugin) (zps_bAplZdoHandleZdpEvent)
c:/NXP/bstudio_nxp/sdk/JN-SW-4168/Components/Library\libZPSAPL_JN516x.a(zps_apl_zdo_trust_center.o)
                              zps_gen.o (symbol from plugin) (zps_vAplTrustCenterInit)
c:/NXP/bstudio_nxp/sdk/JN-SW-4168/Components/Library\libZPSAPL_JN516x.a(zps_apl_zdo_common.o)
                              zps_apl_zdo_nwkmanager.o (symbol from plugin) (zps_eAplZdoNlmeleaveWrapper)
c:/NXP/bstudio_nxp/sdk/JN-SW-4168/Components/Library\libZPSAPL_JN516x.a(zps_apl_zdo_group.o)
                              app_Znc_cmds.o (symbol from plugin) (zps_eAplZdoGroupEndpointAdd)
c:/NXP/bstudio_nxp/sdk/JN-SW-4168/Components/Library\libZPSAPL_JN516x.a(zps_apl_zdo_default_server.o)
                              zps_gen.o (symbol from plugin) (zps_vAplZdoDefaultServerInit)
c:/NXP/bstudio_nxp/sdk/JN-SW-4168/Components/Library\libZPSAPL_JN516x.a(zps_apl_zdo_bind_manager.o)
                              app_Znc_cmds.o (symbol from plugin) (zps_eAplZdoBind)
c:/NXP/bstudio_nxp/sdk/JN-SW-4168/Components/Library\libZPSAPL_JN516x.a(zps_apl_mac_isr.o)
                              zps_apl_task.o (symbol from plugin) (u32DataQueueCount)
c:/NXP/bstudio_nxp/sdk/JN-SW-4168/Components/Library\libZPSAPL_JN516x.a(zps_apl_zdo_end_device_bind_server.o)
                              zps_gen.o (symbol from plugin) (zps_vAplZdoEndDeviceBindServerInit)
c:/NXP/bstudio_nxp/sdk/JN-SW-4168/Components/Library\libZPSAPL_JN516x.a(zps_apl_zdo_nwk_addr_server.o)
                              zps_gen.o (symbol from plugin) (zps_vAplZdoNwkAddrServerInit)
c:/NXP/bstudio_nxp/sdk/JN-SW-4168/Components/Library\libZPSAPL_JN516x.a(zps_apl_zdo_ieee_addr_server.o)
[...]
Memory Configuration

Name             Origin             Length             Attributes
flash            0x0000000000080000 0x0000000000080000
ram              0x000000000400004c 0x0000000000007fb4
*default*        0x0000000000000000 0xffffffffffffffff

Linker script and memory map

START GROUP
LOAD os_gen.o
LOAD C:\Users\nxp29741\AppData\Local\Temp\ccnjFi2h.ltrans0.ltrans.o
LOAD C:\Users\nxp29741\AppData\Local\Temp\ccnjFi2h.ltrans1.ltrans.o
LOAD C:\Users\nxp29741\AppData\Local\Temp\ccnjFi2h.ltrans2.ltrans.o
LOAD C:\Users\nxp29741\AppData\Local\Temp\ccnjFi2h.ltrans3.ltrans.o
LOAD C:\Users\nxp29741\AppData\Local\Temp\ccnjFi2h.ltrans4.ltrans.o
LOAD C:\Users\nxp29741\AppData\Local\Temp\ccnjFi2h.ltrans5.ltrans.o
LOAD C:\Users\nxp29741\AppData\Local\Temp\ccnjFi2h.ltrans6.ltrans.o
LOAD C:\Users\nxp29741\AppData\Local\Temp\ccnjFi2h.ltrans7.ltrans.o
LOAD C:\Users\nxp29741\AppData\Local\Temp\ccnjFi2h.ltrans8.ltrans.o
LOAD C:\Users\nxp29741\AppData\Local\Temp\ccnjFi2h.ltrans9.ltrans.o
LOAD C:\Users\nxp29741\AppData\Local\Temp\ccnjFi2h.ltrans10.ltrans.o
LOAD C:\Users\nxp29741\AppData\Local\Temp\ccnjFi2h.ltrans11.ltrans.o
LOAD C:\Users\nxp29741\AppData\Local\Temp\ccnjFi2h.ltrans12.ltrans.o
LOAD C:\Users\nxp29741\AppData\Local\Temp\ccnjFi2h.ltrans13.ltrans.o
LOAD C:\Users\nxp29741\AppData\Local\Temp\ccnjFi2h.ltrans14.ltrans.o
LOAD C:\Users\nxp29741\AppData\Local\Temp\ccnjFi2h.ltrans15.ltrans.o
LOAD C:\Users\nxp29741\AppData\Local\Temp\ccnjFi2h.ltrans16.ltrans.o
LOAD C:\Users\nxp29741\AppData\Local\Temp\ccnjFi2h.ltrans17.ltrans.o
LOAD C:\Users\nxp29741\AppData\Local\Temp\ccnjFi2h.ltrans18.ltrans.o
LOAD C:\Users\nxp29741\AppData\Local\Temp\ccnjFi2h.ltrans19.ltrans.o
LOAD C:\Users\nxp29741\AppData\Local\Temp\ccnjFi2h.ltrans20.ltrans.o
LOAD C:\Users\nxp29741\AppData\Local\Temp\ccnjFi2h.ltrans21.ltrans.o
LOAD C:\Users\nxp29741\AppData\Local\Temp\ccnjFi2h.ltrans22.ltrans.o
LOAD C:\Users\nxp29741\AppData\Local\Temp\ccnjFi2h.ltrans23.ltrans.o
LOAD C:\Users\nxp29741\AppData\Local\Temp\ccnjFi2h.ltrans24.ltrans.o
LOAD C:\Users\nxp29741\AppData\Local\Temp\ccnjFi2h.ltrans25.ltrans.o
LOAD C:\Users\nxp29741\AppData\Local\Temp\ccnjFi2h.ltrans26.ltrans.o
LOAD C:\Users\nxp29741\AppData\Local\Temp\ccnjFi2h.ltrans27.ltrans.o
LOAD C:\Users\nxp29741\AppData\Local\Temp\ccnjFi2h.ltrans28.ltrans.o
LOAD C:\Users\nxp29741\AppData\Local\Temp\ccnjFi2h.ltrans29.ltrans.o
LOAD C:\Users\nxp29741\AppData\Local\Temp\ccnjFi2h.ltrans30.ltrans.o
LOAD C:\Users\nxp29741\AppData\Local\Temp\ccnjFi2h.ltrans31.ltrans.o
LOAD c:/nxp/bstudio_nxp/sdk/tools/ba-elf-ba2-r36379/bin/../lib/gcc/ba-elf/4.7.4/../../../../ba-elf/lib/mcpu_jn51xx_sizeopt\libc.a
LOAD c:/nxp/bstudio_nxp/sdk/tools/ba-elf-ba2-r36379/bin/../lib/gcc/ba-elf/4.7.4/mcpu_jn51xx_sizeopt\libgcc.a
LOAD c:/nxp/bstudio_nxp/sdk/tools/ba-elf-ba2-r36379/bin/../lib/gcc/ba-elf/4.7.4/../../../../ba-elf/lib/mcpu_jn51xx_sizeopt\libc.a
LOAD os_irq.o
LOAD os_irq_alignment.o
LOAD os_irq_buserror.o
LOAD os_irq_illegalinstruction.o
LOAD os_irq_stackoverflowexception.o
LOAD os_irq_unimplementedmodule.o
LOAD pdum_gen.o
LOAD zps_gen.o
LOAD app_Znc_cmds.o
LOAD app_Znc_zcltask.o
LOAD app_ZncParser_task.o
LOAD app_ZncCommission_task.o
LOAD app_start.o
LOAD SerialLink.o
LOAD uart.o
LOAD NumToString.o
LOAD app_timer_driver.o
LOAD ecb_decrypt.o
LOAD appZpsBeaconHandler.o
LOAD appZdpExtraction.o
LOAD pdum_apdu.o
LOAD app_scenes.o
LOAD Alarms.o
LOAD AlarmsClientCommands.o
LOAD AlarmsCommandHandler.o
LOAD AlarmsServerCommands.o
LOAD AlarmsTableManager.o
LOAD Basic.o
LOAD BasicClientCommands.o
LOAD BasicCommandHandler.o
LOAD BinaryInputBasic.o
LOAD Commissioning.o
LOAD DeviceTemperatureConfiguration.o
LOAD Diagnostics.o
LOAD DoorLock.o
LOAD DoorLockCommandHandler.o
LOAD DoorLockCommands.o
LOAD ElectricalMeasurement.o
LOAD Groups.o
LOAD GroupsClientCommands.o
LOAD GroupsCommandHandler.o
LOAD GroupsServerCommands.o
LOAD GroupsTableManager.o
LOAD Identify.o
LOAD IdentifyClientCommands.o
LOAD IdentifyCommandHandler.o
LOAD IdentifyServerCommands.o
LOAD LevelControl.o
LOAD LevelControlClientCommands.o
LOAD LevelControlCommandHandler.o
LOAD OOSC.o
LOAD OnOff.o
LOAD OnOffCommandHandler.o
LOAD OnOffCommands.o
LOAD PollControl.o
LOAD PollControlClientCommands.o
LOAD PollControlCommandHandler.o
LOAD PollControlServerCommands.o
LOAD PowerConfiguration.o
LOAD Scenes.o
LOAD ScenesClientCommands.o
LOAD ScenesClusterManagement.o
LOAD ScenesCommandHandler.o
LOAD ScenesServerCommands.o
LOAD ScenesTableManager.o
LOAD TC.o
LOAD Time.o
LOAD FlowMeasurement.o
LOAD IlluminanceLevelSensing.o
LOAD IlluminanceMeasurement.o
LOAD OccupancySensing.o
LOAD PressureMeasurement.o
LOAD RelativeHumidityMeasurement.o
LOAD TemperatureMeasurement.o
LOAD zll_CommissionCmdHandler.o
LOAD zll_UtilityCmdHandler.o
LOAD zll_commission.o
LOAD zll_utility.o
LOAD colour_light.o
LOAD colour_remote.o
LOAD colour_scene_remote.o
LOAD colour_temperature_light.o
LOAD commission_endpoint.o
LOAD control_bridge.o
LOAD dimmable_light.o
LOAD dimmable_plug.o
LOAD extended_colour_light.o
LOAD non_colour_remote.o
LOAD non_colour_scene_remote.o
LOAD on_off_light.o
LOAD on_off_plug.o
LOAD on_off_sensor.o
LOAD zll.o
LOAD BallastConfiguration.o
LOAD ColourControl.o
LOAD ColourControlClientCommands.o
LOAD ColourControlCommandHandler.o
LOAD ColourControlConversions.o
LOAD ApplianceControl.o
LOAD ApplianceControlClientCommands.o
LOAD ApplianceControlCommandHandler.o
LOAD ApplianceControlServerCommands.o
LOAD ApplianceEventsAndAlerts.o
LOAD ApplianceEventsAndAlertsClientCommands.o
LOAD ApplianceEventsAndAlertsCommandHandler.o
LOAD ApplianceEventsAndAlertsServerCommands.o
LOAD ApplianceIdentification.o
LOAD ApplianceStatistics.o
LOAD ApplianceStatisticsClientCommands.o
LOAD ApplianceStatisticsCommandHandler.o
LOAD ApplianceStatisticsServerCommands.o
LOAD PowerProfile.o
LOAD PowerProfileClientCommands.o
LOAD PowerProfileCommandHandler.o
LOAD PowerProfileServerCommands.o
LOAD home_gateway.o
LOAD white_goods.o
LOAD Thermostat.o
LOAD ThermostatCommandHandler.o
LOAD ThermostatCommands.o
LOAD ThermostatUIConfig.o
LOAD temperature_sensor.o
LOAD thermostat_device.o
LOAD DRLC.o
LOAD DRLCCommandCanceAlllLoadControlEvents.o
LOAD DRLCCommandCancelLoadControlEvent.o
LOAD DRLCCommandGetScheduledEvents.o
LOAD DRLCCommandHandler.o
LOAD DRLCCommandLoadControlEvent.o
LOAD DRLCCommandReportEventStatus.o
LOAD DRLCCustomCommandResponsesClient.o
LOAD DRLCCustomCommandResponsesServer.o
LOAD DRLCEffectiveTime.o
LOAD DRLCScheduler.o
LOAD DRLCTableManagerNoMutex.o
LOAD DRLCTableManagerServer.o
LOAD DRLCUserEventOptInOut.o
LOAD Price.o
LOAD PriceBlockPeriodTableManager.o
LOAD PriceCalorificValueTableManager.o
LOAD PriceCommandGetBlockPeriod.o
LOAD PriceCommandGetCalorificValue.o
LOAD PriceCommandGetConversionFactor.o
LOAD PriceCommandGetCurrentPrice.o
LOAD PriceCommandGetScheduledPrices.o
LOAD PriceCommandPriceAck.o
LOAD PriceCommandPublishBlockPeriod.o
LOAD PriceCommandPublishBlockPeriodReceive.o
LOAD PriceCommandPublishCalorificValue.o
LOAD PriceCommandPublishCalorificValueReceive.o
LOAD PriceCommandPublishConversionFactor.o
LOAD PriceCommandPublishConversionFactorReceive.o
LOAD PriceCommandPublishPrice.o
LOAD PriceCommandPublishPriceReceive.o
LOAD PriceConversionFactorTableManager.o
LOAD PriceCustomCommandHandler.o
LOAD PriceCustomCommandResponses.o
LOAD PriceScheduler.o
LOAD PriceServerAttributeManager.o
LOAD PriceTableManager.o
LOAD SimpleMetering.o
LOAD SimpleMeteringCommandHandler.o
LOAD SimpleMetering_SendRequest.o
LOAD IASACE.o
LOAD IASACEClientCommands.o
LOAD IASACECommandHandler.o
LOAD IASACEServerCommands.o
LOAD IASWD.o
LOAD IASWDCommandHandler.o
LOAD IASWDCommands.o
LOAD IASZone.o
LOAD IASZoneCommandHandler.o
LOAD IASZoneCommands.o
LOAD ancillary_control_equipment.o
LOAD control_and_indicating_equipment.o
LOAD warning_device.o
LOAD zone.o
LOAD dlist.o
LOAD zcl.o
LOAD zcl_CustomCommandReceive.o
LOAD zcl_CustomCommandSend.o
LOAD zcl_PDUbufferReadWrite.o
LOAD zcl_PDUbufferReadWriteString.o
LOAD zcl_WriteAttributesRequestHandle.o
LOAD zcl_WriteAttributesRequestSend.o
LOAD zcl_WriteAttributesResponseHandle.o
LOAD zcl_attribute.o
LOAD zcl_buffer.o
LOAD zcl_clusterCommand.o
LOAD zcl_command.o
LOAD zcl_configureReportingCommandHandle.o
LOAD zcl_configureReportingCommandSend.o
LOAD zcl_configureReportingResponseHandle.o
LOAD zcl_defaultResponse.o
LOAD zcl_discoverAttributesExtendedRequestHandle.o
LOAD zcl_discoverAttributesExtendedRequestSend.o
LOAD zcl_discoverAttributesExtendedResponseHandle.o
LOAD zcl_discoverAttributesRequestHandle.o
LOAD zcl_discoverAttributesRequestSend.o
LOAD zcl_discoverAttributesResponseHandle.o
LOAD zcl_discoverCommandsRequestHandle.o
LOAD zcl_discoverCommandsRequestSend.o
LOAD zcl_discoverCommandsResponseHandle.o
LOAD zcl_event.o
LOAD zcl_heap.o
LOAD zcl_library_options.o
LOAD zcl_readAttributesRequestHandle.o
LOAD zcl_readAttributesRequestSend.o
LOAD zcl_readAttributesResponseHandle.o
LOAD zcl_readReportingConfigurationCommandHandle.o
LOAD zcl_readReportingConfigurationCommandSend.o
LOAD zcl_readReportingConfigurationResponseHandle.o
LOAD zcl_reportManager.o
LOAD zcl_reportMaths.o
LOAD zcl_reportScheduler.o
LOAD zcl_reportStringHandling.o
LOAD zcl_reportStructure.o
LOAD zcl_search.o
LOAD zcl_timer.o
LOAD zcl_transmit.o
LOAD c:/NXP/bstudio_nxp/sdk/JN-SW-4168/Components/Library\libZPSMAC_Mini_JN516x.a
LOAD c:/NXP/bstudio_nxp/sdk/JN-SW-4168/Components/Library\libOS_JN516x.a
LOAD c:/NXP/bstudio_nxp/sdk/JN-SW-4168/Components/Library\libPWRM_JN516x.a
LOAD c:/NXP/bstudio_nxp/sdk/JN-SW-4168/Components/Library\libZPSTSV_JN516x.a
LOAD c:/NXP/bstudio_nxp/sdk/JN-SW-4168/Components/Library\libAES_SW_JN516x.a
LOAD c:/NXP/bstudio_nxp/sdk/JN-SW-4168/Components/Library\libPDUM_JN516x.a
LOAD c:/NXP/bstudio_nxp/sdk/JN-SW-4168/Components/Library\libZPSAPL_JN516x.a
LOAD c:/NXP/bstudio_nxp/sdk/JN-SW-4168/Components/Library\libRandom_JN516x.a
LOAD c:/NXP/bstudio_nxp/sdk/JN-SW-4168/Components/Library\libPDM_EEPROM_JN516x.a
LOAD c:/NXP/bstudio_nxp/sdk/JN-SW-4168/Components/Library\libDBG_JN516x.a
LOAD c:/NXP/bstudio_nxp/sdk/JN-SW-4168/Components/Library\libZPSZLL_JN516x.a
LOAD c:/NXP/bstudio_nxp/sdk/JN-SW-4168/Components/Library\libZPSNWK_JN516x.a
LOAD c:/NXP/bstudio_nxp/sdk/JN-SW-4168/Components/Library\libMiniMac_JN5169.a
LOAD c:/NXP/bstudio_nxp/sdk/JN-SW-4168/Components/Library\libMiniMacShim_JN516x.a
LOAD c:/NXP/bstudio_nxp/sdk/JN-SW-4168/Components/Library\libMMAC_JN5169.a
LOAD c:/NXP/bstudio_nxp/sdk/JN-SW-4168/Components/Library\libJPT_JN5169.a
LOAD c:/NXP/bstudio_nxp/sdk/JN-SW-4168/Components/Library\libAes_JN516x.a
LOAD c:/NXP/bstudio_nxp/sdk/JN-SW-4168/Components/Library\libHardwareApi_JN5169.a
LOAD c:/NXP/bstudio_nxp/sdk/JN-SW-4168/Components/Library\libMicroSpecific_JN516x.a
LOAD c:/NXP/bstudio_nxp/sdk/JN-SW-4168/Components/Library\libBoot_JN516x.a
LOAD c:/NXP/bstudio_nxp/sdk/JN-SW-4168/Platform/DK2/Library\libBoardLib_JN516x.a
LOAD c:/nxp/bstudio_nxp/sdk/tools/ba-elf-ba2-r36379/bin/../lib/gcc/ba-elf/4.7.4/../../../../ba-elf/lib/mcpu_jn51xx_sizeopt\libm.a
END GROUP
LOAD c:/nxp/bstudio_nxp/sdk/tools/ba-elf-ba2-r36379/bin/../lib/gcc/ba-elf/4.7.4/../../../../ba-elf/lib/mcpu_jn51xx_sizeopt\libc.a
LOAD c:/nxp/bstudio_nxp/sdk/tools/ba-elf-ba2-r36379/bin/../lib/gcc/ba-elf/4.7.4/mcpu_jn51xx_sizeopt\libgcc.a
LOAD c:/nxp/bstudio_nxp/sdk/tools/ba-elf-ba2-r36379/bin/../lib/gcc/ba-elf/4.7.4/../../../../ba-elf/lib/mcpu_jn51xx_sizeopt\libc.a
                0x00000000000003e8                _minimum_heap_size = 0x3e8
                0x0000000000000fa0                _stack_size = 0xfa0
                0x0000000000080038                exception_vsr_table = 0x80038
                0x0000000004000000                pSPIflashFncTable = 0x4000000
                0x00000000000003e8                _minimum_heap_size = 0x3e8
                0x0000000000000fa0                _stack_size = 0xfa0
                0x0000000000000044                restore_state = 0x44
                0x000000000000004a                bZSPIWaitWIPClear = 0x4a
                0x0000000000000050                u16ZSPIflashRDID = 0x50
                0x0000000000000056                u8SelectFlashChipType = 0x56
                0x000000000000005c                memcpy = 0x5c
                0x0000000000000066                vBootFlashProg = 0x66
                [0x00000000000003e8]                _minimum_heap_size = DEFINED (_minimum_heap_size)?_minimum_heap_size:0xd16
                0x0000000000000000                _SwConfig = (DEFINED (g_bSWConf_Debug) | (DEFINED (g_bSWConf_AltDebugPort) << 0x1))

.version        0x000000000007fffc        0x4
                0x000000000007fffc        0x4 LONG 0xf03000b

.bir            0x0000000000080000       0x10
                0x0000000000080000                _flash_start = ABSOLUTE (.)
                0x0000000000080000                _flash_beg = ABSOLUTE (.)
                0x0000000000080000        0x4 LONG 0x12345678
                0x0000000000080004        0x4 LONG 0x11223344
                0x0000000000080008        0x4 LONG 0x55667788
                0x000000000008000c        0x1 BYTE 0x8
                0x000000000008000d        0x1 BYTE 0x1
                0x000000000008000e        0x2 SHORT 0x0

.flashheader    0x0000000000080010       0x28
                0x0000000000080010        0x4 LONG 0x0
                0x0000000000080014        0x4 LONG 0x0
                0x0000000000080018        0x4 LONG 0x0
                0x000000000008001c        0x2 SHORT 0x0
                0x000000000008001e        0x2 SHORT 0x0 ABSOLUTE (_SwConfig)
                0x0000000000080020                _enc_start = ABSOLUTE (.)
                0x0000000000080020        0x4 LONG 0x29038 ABSOLUTE (_image_len)
                0x0000000000080024        0x4 LONG 0xa87b0 ABSOLUTE (_flash_data_start)
                0x0000000000080028        0x2 SHORT 0x13 ((ABSOLUTE (_ram_data_start) / 0x4) & 0xffff)
                0x000000000008002a        0x2 SHORT 0x222 ((ABSOLUTE (_ram_data_len) / 0x4) & 0xffff)
                0x000000000008002c        0x2 SHORT 0x235 ((ABSOLUTE (_bss_start) / 0x4) & 0xffff)
                0x000000000008002e        0x2 SHORT 0x1623 ((ABSOLUTE (_bss_len) / 0x4) & 0xffff)
                0x0000000000080030        0x4 LONG 0xa7607 ABSOLUTE (AppWarmStart)
                0x0000000000080034        0x4 LONG 0xa7612 ABSOLUTE (AppColdStart)
                0x0000000000000000                _enc_offset = (_enc_start & 0xf)

.rodata         0x0000000000080038     0x1084
 *(.rodata*)
 .rodata.str1.1
                0x0000000000080038       0x2a C:\Users\nxp29741\AppData\Local\Temp\ccnjFi2h.ltrans0.ltrans.o
                                         0x3e (size before relaxing)
 .rodata.str1.1
                0x0000000000080062       0x1c C:\Users\nxp29741\AppData\Local\Temp\ccnjFi2h.ltrans1.ltrans.o
 *fill*         0x000000000008007e        0x2 00
 .rodata        0x0000000000080080       0xb0 C:\Users\nxp29741\AppData\Local\Temp\ccnjFi2h.ltrans1.ltrans.o
 .rodata.str1.1
                0x0000000000080130       0x72 C:\Users\nxp29741\AppData\Local\Temp\ccnjFi2h.ltrans2.ltrans.o
                                         0x88 (size before relaxing)
 *fill*         0x00000000000801a2        0x2 00
 .rodata        0x00000000000801a4      0x1a8 C:\Users\nxp29741\AppData\Local\Temp\ccnjFi2h.ltrans3.ltrans.o
 .rodata.str1.1
                0x0000000000000000       0x72 C:\Users\nxp29741\AppData\Local\Temp\ccnjFi2h.ltrans3.ltrans.o
                                          0x8 (size before relaxing)
 .rodata.str1.1
                0x000000000008034c       0x1e C:\Users\nxp29741\AppData\Local\Temp\ccnjFi2h.ltrans4.ltrans.o
 *fill*         0x000000000008036a        0x2 00
 .rodata        0x000000000008036c       0x14 C:\Users\nxp29741\AppData\Local\Temp\ccnjFi2h.ltrans4.ltrans.o
                0x000000000008036c                s_prvCurrentISR.90469
 .rodata.str1.1
                0x0000000000000000       0x1e C:\Users\nxp29741\AppData\Local\Temp\ccnjFi2h.ltrans5.ltrans.o
                                          0x7 (size before relaxing)
 .rodata.str1.1
                0x0000000000000000       0x1e C:\Users\nxp29741\AppData\Local\Temp\ccnjFi2h.ltrans6.ltrans.o
                                         0x13 (size before relaxing)
 .rodata.str1.1
                0x0000000000080380        0x6 C:\Users\nxp29741\AppData\Local\Temp\ccnjFi2h.ltrans7.ltrans.o
                                          0xe (size before relaxing)
 .rodata.str1.1
                0x0000000000000000        0x3 C:\Users\nxp29741\AppData\Local\Temp\ccnjFi2h.ltrans8.ltrans.o
 .rodata.str1.1
                0x0000000000080386       0xe3 C:\Users\nxp29741\AppData\Local\Temp\ccnjFi2h.ltrans9.ltrans.o
 *fill*         0x0000000000080469        0x1 00
 .rodata        0x000000000008046a      0x136 C:\Users\nxp29741\AppData\Local\Temp\ccnjFi2h.ltrans9.ltrans.o
 .rodata.str1.1
                0x00000000000805a0       0x22 C:\Users\nxp29741\AppData\Local\Temp\ccnjFi2h.ltrans10.ltrans.o
                                         0x3f (size before relaxing)
 .rodata.str1.1
                0x00000000000805c2        0xa C:\Users\nxp29741\AppData\Local\Temp\ccnjFi2h.ltrans11.ltrans.o
 .rodata        0x00000000000805cc       0x28 C:\Users\nxp29741\AppData\Local\Temp\ccnjFi2h.ltrans12.ltrans.o
                0x00000000000805cc                au32NwkPdmRecordOffsets
 .rodata        0x00000000000805f4        0x8 C:\Users\nxp29741\AppData\Local\Temp\ccnjFi2h.ltrans13.ltrans.o
 .rodata.str1.1
                0x00000000000805fc        0x7 C:\Users\nxp29741\AppData\Local\Temp\ccnjFi2h.ltrans15.ltrans.o
                                          0xc (size before relaxing)
 .rodata.str1.1
                0x0000000000080603       0x14 C:\Users\nxp29741\AppData\Local\Temp\ccnjFi2h.ltrans16.ltrans.o
                                         0x26 (size before relaxing)
 .rodata.str1.1
                0x0000000000000000        0x8 C:\Users\nxp29741\AppData\Local\Temp\ccnjFi2h.ltrans17.ltrans.o
 .rodata.str1.1
                0x0000000000000000        0x8 C:\Users\nxp29741\AppData\Local\Temp\ccnjFi2h.ltrans19.ltrans.o
 .rodata.str1.1
                0x0000000000080617        0x5 C:\Users\nxp29741\AppData\Local\Temp\ccnjFi2h.ltrans20.ltrans.o
                                         0x13 (size before relaxing)
 .rodata        0x000000000008061c       0xd0 C:\Users\nxp29741\AppData\Local\Temp\ccnjFi2h.ltrans20.ltrans.o
                0x000000000008061c                s_aprIdleStHandleCme.186769
                0x0000000000080630                s_aprActvStHandleCme.182933
                0x0000000000080654                u32ScanAttemptDelayTime
                0x0000000000080658                zps_pacNwkFrmStdByteFmt
                0x000000000008065c                zps_pacNwkFrmStdLongFmt
                0x0000000000080660                zps_pacNwkFrmStdHalfFmt
 .rodata.str1.1
                0x00000000000806ec       0x13 C:\Users\nxp29741\AppData\Local\Temp\ccnjFi2h.ltrans21.ltrans.o
                                         0x2f (size before relaxing)
 .rodata.str1.1
                0x0000000000000000        0x4 C:\Users\nxp29741\AppData\Local\Temp\ccnjFi2h.ltrans22.ltrans.o
 *fill*         0x00000000000806ff        0x1 00
 .rodata        0x0000000000080700      0x318 C:\Users\nxp29741\AppData\Local\Temp\ccnjFi2h.ltrans23.ltrans.o
                0x0000000000080900                gu32ZCLVersion
                0x0000000000080904                OS_g_u32Version
                0x0000000000080908                PDUM_g_u32Version
                0x000000000008090c                ZPS_g_u32MacVersion
                0x0000000000080910                ZPS_g_u32TsvVersion
 .rodata.str1.1
                0x0000000000080a18       0x2b C:\Users\nxp29741\AppData\Local\Temp\ccnjFi2h.ltrans24.ltrans.o
                                         0x5e (size before relaxing)
 .rodata.str1.1
                0x0000000000000000        0x6 C:\Users\nxp29741\AppData\Local\Temp\ccnjFi2h.ltrans25.ltrans.o
 *fill*         0x0000000000080a43        0x1 00
 .rodata        0x0000000000080a44       0x4c C:\Users\nxp29741\AppData\Local\Temp\ccnjFi2h.ltrans25.ltrans.o
                0x0000000000080a44                g_u32NwkFcSaveCountBitShift
 .rodata.str1.1
                0x0000000000000000        0x8 C:\Users\nxp29741\AppData\Local\Temp\ccnjFi2h.ltrans27.ltrans.o
 .rodata.str1.1
                0x0000000000080a90        0x7 C:\Users\nxp29741\AppData\Local\Temp\ccnjFi2h.ltrans29.ltrans.o
                                         0x1b (size before relaxing)
 *fill*         0x0000000000080a97        0x1 00
 .rodata        0x0000000000080a98      0x120 C:\Users\nxp29741\AppData\Local\Temp\ccnjFi2h.ltrans29.ltrans.o
 .rodata.str1.1
                0x0000000000080bb8       0x71 C:\Users\nxp29741\AppData\Local\Temp\ccnjFi2h.ltrans30.ltrans.o
 *fill*         0x0000000000080c29        0x3 00
 .rodata        0x0000000000080c2c      0x490 C:\Users\nxp29741\AppData\Local\Temp\ccnjFi2h.ltrans30.ltrans.o
                0x0000000000080c2c                zps_g_pvApl
                0x0000000000080c30                au32UartAddrOffset
                0x0000000000080c38                pwrm_psWakeupCallbacks

.text           0x00000000000810c0    0x276ee
 *(.text*)
 .text          0x00000000000810c0     0x2cf8 C:\Users\nxp29741\AppData\Local\Temp\ccnjFi2h.ltrans0.ltrans.o
                0x00000000000810c0                APP_TIMER_Version_1v0
                0x00000000000810c0                vProcessIncomingSerialCommands
 .text          0x0000000000083db8     0x1768 C:\Users\nxp29741\AppData\Local\Temp\ccnjFi2h.ltrans1.ltrans.o
                0x0000000000083db8                vInitialiseApp.8564
 .text          0x0000000000085520     0x1a6d C:\Users\nxp29741\AppData\Local\Temp\ccnjFi2h.ltrans2.ltrans.o
                0x0000000000085520                os_vAPP_taskZncb
 .text          0x0000000000086f8d     0x18e2 C:\Users\nxp29741\AppData\Local\Temp\ccnjFi2h.ltrans3.ltrans.o
                0x00000000000870d0                vMiniMac_PhyInterruptHandler
                0x0000000000087118                eBasicTxCompleteHandler
                0x000000000008711d                vTxRxTimeout.192790
                0x000000000008717d                eSmeAcScBeaconInd.184880
                0x00000000000871d9                zps_eNwkHandleSmePollDcfm
                0x000000000008726f                eLeaveDataDcfmRemoteLeave.189406
                0x00000000000872b5                eSmeEdScScanDcfm.184705
                0x00000000000872fe                zps_vBuildSortedActvNTList
                0x00000000000873a4                zps_vCheckActvNtForDuplicate
                0x00000000000873ff                zps_vTidyActvNtAfterJoin
                0x000000000008744d                eUnsolicitedRejoinRspDataDcfm.175761
                0x0000000000087478                APP_vConfigureDevice
                0x00000000000874da                eCLD_GroupsCheckGroupExists
                0x0000000000087547                vMicroIntEnableOnly.constprop.189
                0x0000000000087573                vACI_OptimisedCcmStar.constprop.182
                0x000000000008775f                vSendRouteDiscoveryDcfm.180914.constprop.181
                0x0000000000087788                zps_eNwkRtDiscMatch.constprop.175
                0x00000000000877db                vMiniMac_MLME_SetReq_PanId
                0x0000000000087818                vMiniMac_MLME_SetReq_ShortAddr
                0x0000000000087826                u32GetAttributeActualSize.constprop.133
                0x00000000000878eb                pvZCL_HeapAlloc.part.0.81917.constprop.89
                0x0000000000087925                vAHI_UartReset.part.4.195539.constprop.76
                0x0000000000087951                pvHeap_Alloc.constprop.47
                0x0000000000087956                vAHI_WakeTimerStop.part.3.195785.constprop.39
                0x0000000000087971                psSearchList.69574.constprop.17
                0x0000000000087993                ZPS_eTsvOpen
                0x00000000000879ad                zps_vNwkBttMgrInit
                0x00000000000879db                ZPS_vNwkNibClearTables
                0x0000000000087afa                vMiniMac_ReturnTxBufferCallback
                0x0000000000087b0c                vMicroIntRestoreState
                0x0000000000087b18                bAHI_WriteEEPROMfixSegmentData
                0x0000000000087b76                bAHI_InitialiseEEPROM
                0x0000000000087bbe                vAHI_ReadDataFromEEPROMregister
                0x0000000000087beb                vAHI_WriteDataIntoEEPROMregister
                0x0000000000087c1b                iAHI_WriteDataIntoEEPROMsegment.constprop.184
                0x0000000000087c69                iPDM_WriteSegmentHeaderDataIntoEEPROMsegment
                0x0000000000087c98                vAHI_OptimiseWaitStates
                0x0000000000087ce4                vAHI_SwReset
                0x0000000000087cf6                vAHI_DioSetOutput
                0x0000000000087d0a                APP_vSetLeds
                0x0000000000087d4c                bACI_WriteKey
                0x0000000000087f63                vTransformKey.isra.0.99015
                0x0000000000087f93                eDecryptKey.8096
                0x000000000008836f                vJPT_WifiCmToOff
                0x000000000008838f                vSetChannelAndPower
                0x0000000000088538                vMiniMac_PLME_SetReq_Power
                0x000000000008854c                vMiniMac_PLME_SetReq_Channel
                0x0000000000088554                vEnableReceive.192795
                0x0000000000088597                vRadioToOff
                0x00000000000885ba                vStartReceive
                0x00000000000885c8                eAppApiDefPlmeGet.part.0.193941
                0x00000000000885d7                psSearchForFrameToSend
                0x0000000000088625                eMiniMac_FrameInProgress
                0x0000000000088650                vRemoveFromTxQueue
                0x000000000008868c                vAddToTxQueue
                0x00000000000886c2                u8GetHeaderSize
                0x00000000000886ea                vMiniMac_PLME_SetReq_CcaMode
                0x00000000000886fe                vMiniMac_MLME_SetReq_MinBe
                0x0000000000088723                zps_vSendJoinInd
                0x0000000000088794                zps_psFormatCmdFrameGeneral
                0x000000000008880f                zps_eNwkFormStInit
                0x0000000000088824                vSendDcfm.185398
                0x0000000000088849                bCheckMatchingEntry.184875
 .text.unlikely
                0x000000000008886f      0x149 C:\Users\nxp29741\AppData\Local\Temp\ccnjFi2h.ltrans3.ltrans.o
                0x0000000000088884                vAHI_MemoryHold.195217
                0x000000000008893c                eEncryptKey.7960
 .text          0x00000000000889b8     0x17bf C:\Users\nxp29741\AppData\Local\Temp\ccnjFi2h.ltrans4.ltrans.o
                0x00000000000889ee                os_vAPP_cbDisableTickTimer
                0x0000000000088a32                os_vAPP_cbEnableTickTimer
                0x0000000000088ab2                eOrphanNotificationSent.193565
                0x0000000000088afb                OS_eEnterCriticalSection
                0x0000000000088bbf                ZPS_eTsvStart
                0x0000000000088c4f                zps_vNwkJoinStStartResponseTimer
                0x0000000000088c88                ZPS_eTsvStop
                0x0000000000088cdc                zps_eNwkBtrMatch
                0x0000000000088dd1                zps_vAplApsStopPollTimer
                0x0000000000088e60                eHandleRemoveBroadcastEndpointsFromGroup.97502
                0x0000000000088eba                eZCL_SetReceiveEventAddressStructure
                0x0000000000088f39                eCLD_ColourControlCommandHandler
                0x0000000000088f97                eCLD_ThermostatCommandHandler
                0x0000000000088ff1                dbg_vPrintfImplNoneVerbose
                0x0000000000089478                vfExtendedStatusCallBack
                0x0000000000089483                boPDM_IsBitmapSaturated.170348
                0x00000000000894cc                vPostTxActions.192881
                0x0000000000089509                vMiniMac_TxComplete
                0x0000000000089698                vMiniMac_NextTransaction
                0x0000000000089702                MAC_vPibSetRxOnWhenIdle.constprop.158
                0x000000000008970a                vMiniMac_Init
                0x0000000000089afa                eTransmit
                0x0000000000089bd7                eBuildAndSend.193573
                0x0000000000089c4c                ZPS_bSecDecrypt
                0x0000000000089d54                MAC_u64GetExtAddr
                0x0000000000089d6f                ZPS_bSecEncrypt
                0x0000000000089f1b                ZPS_u64NwkNibFindExtAddr
                0x0000000000089fc6                ZPS_u16NwkNibFindNwkAddr
                0x000000000008a06c                iPDM_SearchForBufferIdInList
                0x000000000008a0a1                iPDM_SearchForBufferIdInFileSystem
                0x000000000008a0b4                iPDM_ReadUserDataFromSegmentWithId
                0x000000000008a0e9                iPDM_GetLengthOfDataInBufferWithIdFromFileSystem
                0x000000000008a145                iPDM_SearchForSpecificSegmentInList
 .text          0x000000000008a177     0x1a44 C:\Users\nxp29741\AppData\Local\Temp\ccnjFi2h.ltrans5.ltrans.o
                0x000000000008a177                zps_eNwkHandleSceNwkUpdate
                0x000000000008a19b                zps_vNwkHandleCmePermitJoinReq
                0x000000000008a203                zps_vExpireOldRoutes
                0x000000000008a265                zps_vCleanUnAuthenHandleExpiry
                0x000000000008a2d5                zps_vAplAfPostTimerEvent
                0x000000000008a351                PDUM_hAPduAllocateAPduInstance
                0x000000000008a3c5                zps_eAplZdoSendZdpResponse
                0x000000000008a40e                bSendResponse.128432
                0x000000000008a451                PDUM_eAPduFreeAPduInstance
                0x000000000008a4d4                zps_bAplZdoMatchDescServer.part.0.116638
                0x000000000008a79a                zps_bAplZdoNodeDescServer
                0x000000000008a936                zps_bAplZdoSimpleDescServer
                0x000000000008ab3c                zps_bAplZdoPowerDescServer
                0x000000000008ac89                zps_bAplZdoActiveEpServer
                0x000000000008ada2                zps_bAplZdoSystemServerDiscoveryServer
                0x000000000008ae5f                zps_bAplZdoMgmtLqiServer
                0x000000000008b07c                zps_bAplZdoMgmtRtgServer
                0x000000000008b1ac                zps_vFragmentWindowTimeout.93364
                0x000000000008b213                zps_vAplApsFragTransmitNotifyApp.96062
                0x000000000008b2d2                vReset_StateMachine.113041
                0x000000000008b316                vZdoServersInit.3039
                0x000000000008b4d2                zps_bAplZdoEndDeviceBindServer
                0x000000000008b58a                zps_bAplZdoTrustCenterGetDevicePermissions
                0x000000000008b5f5                bSendHATransportKey
                0x000000000008b669                PDM_eReadDataFromRecord
                0x000000000008b6eb                vLoadAplRecord.102519
                0x000000000008b719                vLoadNwkRecord.177566
                0x000000000008b751                vMiniMac_McpsCallback
                0x000000000008b8f2                eMcpsTxCompleteHandler.192479
                0x000000000008b920                eCopyFragmentToApdu.isra.0.93409
                0x000000000008ba42                zps_vAplApsCheckAndStartPollTimer
                0x000000000008baa1                zps_eAplZdoBdrmRequestSend
                0x000000000008bb1c                vProcessTimedList.176651
                0x000000000008bb63                zps_vNwkMcpsMgrPostTimed
                0x000000000008bb76                vNwkMcpsSendTimedDfcm
 .text          0x000000000008bbbb     0x1272 C:\Users\nxp29741\AppData\Local\Temp\ccnjFi2h.ltrans6.ltrans.o
                0x000000000008bd4e                vZdoEndDeviceBindStateIdle
                0x000000000008be4a                zps_bAplZdoNwkAddrServer
                0x000000000008c007                zps_bAplZdoIeeeAddrServer
                0x000000000008c196                zps_bAplZdoMatchDescServer
                0x000000000008c1e1                vPDM_AddFileSystemElementToListInAscendingWearCountOrder
                0x000000000008c2d8                PDUM_eNPduAllocate
                0x000000000008c347                vPostMcpsDcfmInd.110369
                0x000000000008c49d                PDUM_eNPduClone
                0x000000000008c4e9                PDUM_eNPduFree
                0x000000000008c556                zps_vHandleExtendedDataAckFrame
                0x000000000008c630                vPostVsMcpsDcfmInd.110376
                0x000000000008c6f8                ZPS_vInterceptMcpsDataCallback
                0x000000000008c75a                zps_vNwkMcpsMgrFreeReqDescr
                0x000000000008c784                zps_vNwkRemoveConflictedBroadcast
                0x000000000008c7d6                vFreePendingReqDescr
                0x000000000008c816                vHandleRouteDiscoveryExpiry.180483
                0x000000000008c871                zps_vNwkMcpsMgrTidyBtrReqDescr
                0x000000000008c8b4                vNwkBttTimerExpiry.182979
                0x000000000008c9d1                MAC_vHandleMcpsVsReqRsp
                0x000000000008ccdf                hZCL_AllocateAPduInstance
                0x000000000008cd1b                eZCL_TransmitInterPanRequest.constprop.73
                0x000000000008cdd6                eCLD_ZllCommissionCommandNetworkStartRspCommandSend
 .text.unlikely
                0x000000000008ce2d      0x271 C:\Users\nxp29741\AppData\Local\Temp\ccnjFi2h.ltrans6.ltrans.o
                0x000000000008ce2d                vHandleDeviceInfoRequest.7973
                0x000000000008cf3c                vSendScanResponse.7950.constprop.70
 .text          0x000000000008d09e     0x13b2 C:\Users\nxp29741\AppData\Local\Temp\ccnjFi2h.ltrans7.ltrans.o
                0x000000000008d09e                os_u32APP_cbGetTickTimer
                0x000000000008d0a7                os_bAPP_cbSetTickTimerCompare
                0x000000000008d1ae                boIdValueSearchMatch.169551
                0x000000000008d208                psGetTxFrameBuffer
                0x000000000008d241                psGetAndBuildCoordRealignment
                0x000000000008d299                iPDM_ReadUserDataFromEEPROMsegment
                0x000000000008d315                iPDM_ReCalculateWearCountAndChecksumAndWriteFileSystemHeader
                0x000000000008d35f                vPDM_SetEEPROMandFileSystemValidState
                0x000000000008d386                iPDM_ReadUserDataFromFileSystemRecord
                0x000000000008d3b0                vPDM_WriteFileSystemRecordAndSegmentDataIntoEEPROMsegment
                0x000000000008d3f3                iPDM_FilterDuplicateAppendedSegmentsOnList.170727
                0x000000000008d449                vDispatch.90342
                0x000000000008d51b                OS_eStopSWTimer
                0x000000000008d63e                os_vAPP_ID_Task
                0x000000000008d666                OS_eStartSWTimer
                0x000000000008d787                os_vAPP_cbToggleLED
                0x000000000008d823                OS_ePostMessage
                0x000000000008d985                os_vApp_TransportKeyCallback
                0x000000000008d9a5                os_vAPP_CommissionTimerTask
                0x000000000008d9bb                OS_eExitCriticalSection
                0x000000000008da9c                OS_eActivateTask
                0x000000000008db37                vPostMlmeDcfmInd.110362
                0x000000000008dbda                u16ZCL_APduInstanceWriteNBO
                0x000000000008dc84                u16ZCL_WriteCommandHeader
                0x000000000008dcfc                u16ZCL_APduInstanceReadNBO
                0x000000000008dde1                u16ZCL_ReadCommandHeader.part.0.74380
                0x000000000008de58                u16ZCL_ReadCommandHeader
                0x000000000008de66                eCLD_BasicCommandHandler
                0x000000000008de92                eCLD_OnOffCommandHandler
                0x000000000008deaf                u16ZCL_APduInstanceWriteStringNBO
                0x000000000008df76                u16ZCL_APduInstanceReadStringNBO
                0x000000000008e04b                eZCL_GetAttributeTypeSizeFromBuffer
                0x000000000008e0c2                u8ZdoEndDeviceBindServerUnpackApdu
                0x000000000008e152                u8ZdoBindUnbindServerUnpackApdu
                0x000000000008e1a1                iPDM_ReadSegmentHeaderDataFromEEPROMsegment
                0x000000000008e1fa                zps_psNwkMcpsMgrFindPendingByNwkDstAddr
                0x000000000008e230                PWRM_vWakeInterruptCallback
                0x000000000008e2b5                zps_vSendJoinDcfm
                0x000000000008e2fb                vGiveUp.187982
                0x000000000008e324                eCLD_GroupsCreateGroups.constprop.101
 .text.unlikely
                0x000000000008e450       0x44 C:\Users\nxp29741\AppData\Local\Temp\ccnjFi2h.ltrans7.ltrans.o
                0x000000000008e450                vHandleIdentiftRequest.8145
 .text          0x000000000008e494     0x19df C:\Users\nxp29741\AppData\Local\Temp\ccnjFi2h.ltrans8.ltrans.o
                0x000000000008e494                eSmeASFlBeaconInd.184717
                0x000000000008e4b6                eSmeUDNTScanDcfm.184170
                0x000000000008e4d2                vPermitJoinHandleExpiry.179757
                0x000000000008e4db                vNwkMcpsTimerCallback
                0x000000000008e4f5                zps_eSceGenlIllegal
                0x000000000008e4fc                zps_eSmeGenlIllegal
                0x000000000008e503                zps_bAplZdoBindRequestServer
                0x000000000008e62d                vZdoEndDeviceBindTimeoutSecondMessage
                0x000000000008e641                psGetVsMcpsBuf.110373
                0x000000000008e64a                psGetMlmeBuf.110359
                0x000000000008e653                psGetMcpsBuf.110366
                0x000000000008e65c                zps_vExpireRequestKeyReq.105426
                0x000000000008e669                psGetNlmeBuf.93509
                0x000000000008e673                psGetNldeBuf.93530
                0x000000000008e67d                psGetApsmeBuf.93516
                0x000000000008e686                psGetApsdeBuf.93523
                0x000000000008e68c                vLoopbackTimerCallback
                0x000000000008e6bb                zps_psNwkSlistRemoveFromHead
                0x000000000008e6d2                zps_psNwkSlistRemove
                0x000000000008e70a                zps_bNwkMcpsMgrRemoveDescrFromLists
                0x000000000008e748                zps_vNwkSlistAddToTail
                0x000000000008e762                ZPS_bNwkSecHaveNetworkKey
                0x000000000008e796                ZPS_bNwkSecFindMatSet
                0x000000000008e7d2                zps_eNwkRctMatchNwkAddr
                0x000000000008e83c                ZPS_u8NwkCalcNldeReqOverhead
                0x000000000008e877                zps_vRemoveNextHop
                0x000000000008e905                zps_vRemoveRoute
                0x000000000008e9a0                zps_psNwkRtMatchNwkAddr
                0x000000000008e9ef                ZPS_u64NwkNibGetMappedIeeeAddr
                0x000000000008ea11                ZPS_vNwkSecResetDevice
                0x000000000008ea56                ZPS_bNwkNibNtActvMatch
                0x000000000008eb0e                bCheckNwkAddr
                0x000000000008eb5c                zps_eAplTrustCenterFindDevice
                0x000000000008eba0                ZPS_vSetExtendedStatus
                0x000000000008ebb2                zps_eNwkRtMatch
                0x000000000008ecbb                zps_psApsApsAllocateDcfmRecord
                0x000000000008ed29                zps_u8CalcLinkCost
                0x000000000008ed65                ZPS_u8NwkNibNtDiscMatch
                0x000000000008ee49                zps_u64NwkLibFromPayload
                0x000000000008efe6                eSmeAcScBeaconInd.184725
                0x000000000008f0ee                eSmeUDNTBeaconInd.184701
                0x000000000008f111                zps_vNwkLibU64ToPayload
                0x000000000008f13e                zps_vInitBeaconPayload
                0x000000000008f1ba                ZPS_vNtSetUsedStatus
                0x000000000008f228                zps_eNwkDcfmIndPost
                0x000000000008f24b                zps_psNwkDcfmIndGetBuf
                0x000000000008f26d                eSmeGenlScanDcfm.184709
                0x000000000008f2cb                eRouteRequestDataDcfm.180919
                0x000000000008f31f                eNldeDataDcfm.178771
                0x000000000008f34f                zps_vSendNwkStatusInd
                0x000000000008f37f                u8PDM_CalculateSegmentsRequired.part.0.170549
                0x000000000008f3ad                vPDM_ReadBitmapHeader.170312
                0x000000000008f3cc                psSLISTsearch
                0x000000000008f40c                psSLISTremove
                0x000000000008f48a                psSLISTgetNext
                0x000000000008f4ae                u8PDM_CalculateFileSystemCapacity
                0x000000000008f4cc                u8PDM_CalculateLargestDataRecordStored
                0x000000000008f4fd                bPDM_ImageBitmapRepairCheck
                0x000000000008f525                u8PDM_ReadSequenceNumber
                0x000000000008f548                boSegmentNumberDeleteSearchMatch.169976
                0x000000000008f563                u32PDM_ReadFileSystemHeaderWearCount
                0x000000000008f579                boSearchForWearCountSubstitute.170782
                0x000000000008f59f                boSearchForWearCountInsertPoint.169547
                0x000000000008f5bd                vPDM_WriteFileSystemHeaderWearCount
                0x000000000008f5cf                RND_u32GetRand256
                0x000000000008f5ec                RND_u32GetRand
                0x000000000008f613                u16CalculateFailedTxCount.129609
                0x000000000008f63d                bFindMatch.112998
                0x000000000008f69b                zps_bAplZdoServerHandleConfirmAcks
                0x000000000008f6f8                zps_bPerformLeaveActionDecider
                0x000000000008f6fd                vHandleUpdateDeviceIndication.102492
                0x000000000008f727                u32GetScanChannels.102479
                0x000000000008f752                bDuplicateCheck.97758
                0x000000000008f841                zps_vInitAPSMECmdHdr
                0x000000000008f87a                eHandleRemoveNonBroadcastEndpointsFromGroup.97543
                0x000000000008f8f2                eHandleAddEntryToGroupTable.97506
                0x000000000008f94e                bIsBindTableMatch.97483
                0x000000000008f99f                eRemoveEntryInBindingTable.97511
                0x000000000008fa1e                zps_vAplApsFillAndPostApsAck
                0x000000000008fa88                zps_u8AplApsFreeMsgHandle
                0x000000000008faf2                u8BlocksToSendInWindow.95000
                0x000000000008fb44                vFillDataIndStruct.93380
                0x000000000008fb9c                vFillApduErrorEvent.93373
                0x000000000008fbdf                bCheckProfile.93368
                0x000000000008fc1d                ZPS_bIsGroupPresent
                0x000000000008fc55                PDUM_u16APduInstanceWriteStrNBO
                0x000000000008fdd4                PDUM_eNPduReadHeaderNBO
                0x000000000008fe27                PDUM_u16APduInstanceReadNBO
 .text          0x000000000008fe73     0x15cd C:\Users\nxp29741\AppData\Local\Temp\ccnjFi2h.ltrans9.ltrans.o
                0x000000000008fe73                eBeaconReqSent.193569
                0x000000000008ff16                zps_eNwkHandleSceLinkStatus
                0x000000000009014c                zps_vLinkStatusHandleExpiry
                0x00000000000901d2                vSendNetworkUpdate.175753
                0x0000000000090301                vAHI_Sleep
                0x00000000000903b9                UART_vSetTxInterrupt
                0x0000000000090501                vSL_WriteMessage
                0x000000000009057c                app_vFormatAndSendUpdateLists
                0x00000000000909bc                vSL_LogSend
                0x0000000000090a64                vSL_LogFlush
                0x0000000000090a7c                vReportException.8572
                0x0000000000090b8a                vUnclaimedInterrupt.8566
                0x0000000000090bd0                vOSError.8568
                0x0000000000090bfc                zps_u8AplApsConstructAndPostLoopBackDataInd.96107
                0x0000000000090d50                u8PostUnicastMsgToNHLE.96115
                0x0000000000090d89                vSetGroupAddress.constprop.113
                0x0000000000090dd8                zps_vAplSaveRecord
                0x0000000000090e80                vPickChannel.6346
                0x0000000000090ec9                zps_eAplApsmeUnBindReqRsp
                0x0000000000090f2f                zps_eAplZdoGroupAllEndpointRemove
                0x0000000000090f90                zps_psFindKeyDescr
                0x00000000000910c4                zps_eAplSecEncryptPacket
                0x00000000000911b6                zps_eAplAibSetApsUseExtendedPanId
                0x00000000000911cc                zps_eAplAibSetApsTrustCenterAddress
                0x00000000000911e2                zps_vSaveAllZpsRecords
                0x0000000000091202                vSendJoinedFormEventToHost
                0x0000000000091286                vFactoryResetRecords
                0x00000000000913c3                vAplSecRemoveLinkKey.102584
 .text.unlikely
                0x0000000000091440       0x5c C:\Users\nxp29741\AppData\Local\Temp\ccnjFi2h.ltrans9.ltrans.o
                0x0000000000091440                vInitUnknownNeighbor.176642
 *fill*         0x000000000009149c        0x0 00
 .text          0x000000000009149c     0x15a4 C:\Users\nxp29741\AppData\Local\Temp\ccnjFi2h.ltrans10.ltrans.o
                0x000000000009149c                vApsmeResendTimeOutHandler
                0x00000000000916aa                vPostNldeDcfmInd.93533
                0x0000000000092102                zps_vSendNextFragment.96075
                0x00000000000922dd                zps_eStartFragmentedTransmission
                0x00000000000923f2                eUnfragmentedUnicastTransmission.96089
                0x00000000000926ec                zps_eAplApsmeTransportKeyReqRsp.constprop.78
                0x000000000009286f                vHandleZllDeviceJoin
                0x00000000000928ce                zps_vAplTrustCenterRequestKey
 .text          0x0000000000092a40     0x15c0 C:\Users\nxp29741\AppData\Local\Temp\ccnjFi2h.ltrans11.ltrans.o
                0x0000000000092a40                vMcpsMgrExpiry.176630
                0x0000000000092a9f                zps_vNwkHandleCmeRouteDiscoveryReq
                0x0000000000092b25                zps_vFragmentTimerHandler.94992
                0x0000000000092bb1                vMiniMac_MlmeCallback
                0x0000000000092e9b                vSendMlmeCommStatusFromTxFrame
                0x0000000000092ef1                MAC_vHandleMlmeVsReqRsp.constprop.160
                0x000000000009371f                vScanBeaconReceived
                0x0000000000093769                vPostDcfm.193584
                0x00000000000937d2                vScanNextChannel.193590
                0x00000000000939b1                vRunningRxCallback
                0x0000000000093cce                ZPS_vNwkResetOutgoingFrameCounter
                0x0000000000093d22                zps_vAplSecSetInitialSecurityState
                0x0000000000093e24                zps_vAplTrustCenterInit
                0x0000000000093eec                zps_vSendExtendedAckDataFrame.93403
 .text          0x0000000000094000     0x121e C:\Users\nxp29741\AppData\Local\Temp\ccnjFi2h.ltrans12.ltrans.o
                0x0000000000094000                vPDM_DeleteAppendedSequence
                0x0000000000094205                PDM_eSaveRecordData
                0x00000000000944dc                ZPS_vNwkSaveRecord
                0x0000000000094508                zps_bNwkFindAddIeeeAddr
                0x0000000000094598                ZPS_bNwkNibAddrMapAddEntry
                0x0000000000094758                zps_vJoinInitNtParent
                0x0000000000094806                eCheckAddrConflict.175982
                0x00000000000948bc                ZPS_vRemoveEntryFromAddressMap
                0x0000000000094903                ZPS_vNwkSaveAllRecords
                0x000000000009491a                ZPS_vNwkNibSetNwkAddr
                0x0000000000094938                zps_eNwkHandleSceRejnResponse
                0x0000000000094995                ZPS_vNwkNibSetExtPanId
                0x00000000000949b9                vFinish.188416
                0x0000000000094a0e                ZPS_vNwkNibSetKeySeqNum
                0x0000000000094a22                ZPS_vNwkNibSetDepth
                0x0000000000094a2b                ZPS_vNwkNibSetUpdateId
                0x0000000000094a3a                ZPS_vNwkNibSetPanId
                0x0000000000094a58                ZPS_vNwkNibSetCapabilityInfo
                0x0000000000094a85                ZPS_vNwkNibSetChannel
                0x0000000000094a9d                vEndCommissioning.8106
                0x0000000000094af1                ZPS_vNwkSaveNt
                0x0000000000094b05                zps_vAgeRouter
                0x0000000000094c7f                zps_psAllocateAndFormatMacHdr
                0x0000000000094f38                zps_psNwkInitCmdFrame
                0x0000000000094fae                eSmeOrphScanDcfm.188426
                0x0000000000095026                zps_eNwkHandleSmeCommStatusInd
                0x00000000000950da                eRejoinRspDataDcfm.187242
                0x00000000000951a9                ZPS_vNwkSaveSecMat
                0x00000000000951bd                vPDM_ImageBitmapRepair.169466
 .text.unlikely
                0x000000000009521e      0x1de C:\Users\nxp29741\AppData\Local\Temp\ccnjFi2h.ltrans12.ltrans.o
                0x000000000009521e                vSendRouterJoinRequest.8090.constprop.66
 *fill*         0x00000000000953fc        0x0 00
 .text          0x00000000000953fc     0x156c C:\Users\nxp29741\AppData\Local\Temp\ccnjFi2h.ltrans13.ltrans.o
                0x00000000000953fc                vCommissionTask.8183
 .text          0x0000000000096968     0x1200 C:\Users\nxp29741\AppData\Local\Temp\ccnjFi2h.ltrans14.ltrans.o
                0x00000000000969c4                zps_vAplApsPollTimer
                0x0000000000096af5                vAplSecAuthPollTimerExpiry.102474
                0x0000000000096cc7                zps_vAplTrustCenterUpdateDevice
                0x0000000000096e4f                eRejoinNetwork.102506.constprop.152
                0x0000000000096eeb                zps_eAplZdoStartStack
                0x0000000000096ff3                eJoinNetwork.102532
                0x00000000000970a4                vPostNlmeDcfmInd.93512
                0x00000000000977a7                zps_eAplZdoDiscoverNetworks
                0x00000000000977d0                vSecondScan.6353.constprop.85
                0x000000000009780e                vHandleTransportKeyIndication.isra.11.102707
                0x0000000000097a6c                vPostApsmeDcfmInd.93519
 .text          0x0000000000097b68     0x141e C:\Users\nxp29741\AppData\Local\Temp\ccnjFi2h.ltrans15.ltrans.o
                0x0000000000097c12                vIncrementFrameCounterInPdm.isra.0.177997
                0x0000000000097dee                vProcessListsForSubmission.176731
                0x0000000000098090                zps_vNwkMcpsMgrPost
                0x00000000000980b4                psSendRouteReplyCmd.180902
                0x0000000000098197                zps_eNwkHandleSceRouteReply
                0x000000000009847f                zps_vNwkHandleCmeLeaveReq
                0x000000000009854d                zps_eNwkHandleSceLeave
                0x00000000000986d7                zps_eNwkHandleSdeActvDcfmData
                0x00000000000987ae                vMcpsMgrTimeoutExpiry
                0x0000000000098820                zps_sNwkNibNtCheckJoin
                0x0000000000098a9a                zps_vNwkHandleCmeDirectJoinReq
                0x0000000000098b19                zps_eAplApsmeBindReqRsp
                0x0000000000098bf3                bAplZdoBindUnbindServerProcessApdu
                0x0000000000098db9                zps_eAplZdoGroupEndpointRemove
                0x0000000000098e51                PWRM_vManagePower
 .text          0x0000000000098f86     0x1520 C:\Users\nxp29741\AppData\Local\Temp\ccnjFi2h.ltrans16.ltrans.o
                0x0000000000098f86                vSendNetworkReport.175749
                0x0000000000099060                zps_eNwkHandleSceRouteRequest
                0x0000000000099377                zps_psNwkInitiateRouteDiscovery
                0x000000000009962d                zps_psSendFrm
                0x00000000000998f9                zps_psSendBroadcastFrm.part.0.186039
                0x0000000000099957                ZPS_vNwkHandleNldeReqRsp
                0x0000000000099c35                zps_eAplSendApsmeCmdFrame
                0x0000000000099da4                zps_eAplApsmeUpdateDeviceReqRsp.part.4.97640
                0x0000000000099ee7                zps_eAplApsmeRemoveDeviceReqRsp
                0x0000000000099f55                zps_vAplApsmeCmdMgrRetryTimeout.97475
                0x0000000000099f7f                zps_eNwkHandleSceRouteRecord
                0x000000000009a02e                zps_psNwkSendRejoinReqCmd.constprop.6
                0x000000000009a089                zps_u8NwkHandleRejoinReq
                0x000000000009a141                vContinueRejoin.187238
                0x000000000009a1fb                zps_psSendNetworkStatusCmd
                0x000000000009a268                zps_vProcessLocalAddrConflict
                0x000000000009a336                zps_eDefaultDataDcfm
 *fill*         0x000000000009a4a6        0x2 00
 .text          0x000000000009a4a8     0x1448 C:\Users\nxp29741\AppData\Local\Temp\ccnjFi2h.ltrans17.ltrans.o
                0x000000000009a651                vHandleRejoinExpiry.187978
                0x000000000009a6b0                zps_eRejoinDataDcfm
                0x000000000009a6f4                eSmeAsocAssocDcfm.188586
                0x000000000009a75f                eSmeRjPCPollDcfm.188582
                0x000000000009a7a0                eSceRjRsRejoinRsp.188550
                0x000000000009a904                zps_eNwkHandleSmeOrphanInd
                0x000000000009a914                vStartScanTimerExpiry.129605
                0x000000000009aba8                zps_eNwkHandleSceNwkStatus
                0x000000000009af0c                zps_eNwkHandleSmeAssocInd
                0x000000000009af2e                zps_eNwkHandleSceRejnRequest
                0x000000000009af7d                zps_sNwkLibSubmitScan
                0x000000000009afb6                zps_vNwkDiscUpdateNT
                0x000000000009b054                zps_vNwkHandleCmeNwkJoinReq
                0x000000000009b2cd                eSmeEdScScanDcfm.185407
                0x000000000009b35d                zps_vNwkHandleCmeEdScanReq
                0x000000000009b39c                zps_eProcessAddrConflict
                0x000000000009b549                ZPS_vNwkNibCheckAndUpdateAddresses
                0x000000000009b5aa                zps_bAplZdoDeviceAnnceServer
 .text          0x000000000009b8f0     0x11ec C:\Users\nxp29741\AppData\Local\Temp\ccnjFi2h.ltrans18.ltrans.o
                0x000000000009b8f0                os_vZCL_Task
                0x000000000009bab8                eZCL_CustomCommandSend.constprop.122
                0x000000000009bd34                eCLD_IdentifyCommandTriggerEffectSend
                0x000000000009bd75                APP_ZCL_cbEndpointCallback.5974
                0x000000000009c52d                eCLD_GroupsCommandHandler
                0x000000000009caa1                eCLD_GroupsCommandAddGroupRequestSend
 .text          0x000000000009cadc     0x1224 C:\Users\nxp29741\AppData\Local\Temp\ccnjFi2h.ltrans19.ltrans.o
                0x000000000009d0b3                eCLD_ZllCommissionCommandHandler
                0x000000000009d4b8                eSimpleMeteringCommandHandler
                0x000000000009d4e4                eCLD_DoorLockCommandHandler
                0x000000000009d580                eCLD_IdentifyCommandHandler
                0x000000000009d619                vZCL_HandleAttributesWriteRequest
                0x000000000009daac                eZCL_SendConfigureReportingCommand
 .text          0x000000000009dd00     0x12ac C:\Users\nxp29741\AppData\Local\Temp\ccnjFi2h.ltrans20.ltrans.o
                0x000000000009dd00                zps_vNwkHandleCmeNwkActvJoinReq
                0x000000000009dd0c                vMiniMac_InterruptHandler
                0x000000000009e086                eAssocRespSent.193155
                0x000000000009e0a5                zps_vNwkHandleCmeSyncReq
                0x000000000009e0ee                zps_vNwkHandleCmeIdleNwkFormReq
                0x000000000009e196                zps_vNwkHandleCmeNwkDiscReq
                0x000000000009e210                zps_vReAttemptScanTimerHandleExpiry
                0x000000000009e268                zps_eNwkHandleSmeBeaconNotifyInd
                0x000000000009e36a                ZPS_vNwkHandleMcpsVsDcfmInd
                0x000000000009eea3                zps_eAplZdoGroupEndpointAdd
 .text          0x000000000009efac     0x10c8 C:\Users\nxp29741\AppData\Local\Temp\ccnjFi2h.ltrans21.ltrans.o
                0x000000000009efac                vZdoBdrmSendNextTimedRequest
                0x000000000009f235                zps_bAplZdoBindUnbindServer
                0x000000000009f375                zps_eZdpSystemServerDiscoveryResponse
                0x000000000009f3e4                zps_eAplZdpMgmtLqiResponse
                0x000000000009f4cc                zps_eAplZdpMgmtRtgResponse
                0x000000000009f593                zps_eZdpMgmtNwkUpdateNotifyResponse
                0x000000000009f645                eAplAfCommonDataReq.92046.constprop.134
                0x000000000009f700                eZCL_TransmitDataRequest
                0x000000000009fa1c                eZCL_SendDefaultResponse
                0x000000000009fb1b                eZCL_CustomCommandReceive
                0x000000000009fc93                eCLD_ScenesCommandHandler
                0x000000000009fe75                vZCL_HandleAttributesReadResponse
 .text          0x00000000000a0074     0x133f C:\Users\nxp29741\AppData\Local\Temp\ccnjFi2h.ltrans22.ltrans.o
                0x00000000000a0773                zps_vHandleApsdeDataFragInd
                0x00000000000a0dba                ZPS_eAplAfInit
 .text          0x00000000000a13b3     0x1361 C:\Users\nxp29741\AppData\Local\Temp\ccnjFi2h.ltrans23.ltrans.o
                0x00000000000a14c6                os_bDummyMemberCheck.90352
                0x00000000000a14cb                os_vDefaultErrorHook.90348
                0x00000000000a14ce                eCLD_LevelControlCommandHandler
                0x00000000000a14d3                vLogAssert.8729
                0x00000000000a14d6                vLogFlush.8727
                0x00000000000a14f6                vLogPutch.8724
                0x00000000000a1554                vLogInit.8722
                0x00000000000a1557                APP_ZCL_cbGeneralCallback.5977
                0x00000000000a1574                os_v_cs_APP_taskAtParser.1360
                0x00000000000a157c                os_v_cs_zps_taskZPS.1358
                0x00000000000a1584                os_v_cs_APP_Commission_Task.1356
                0x00000000000a158c                os_v_cs_APP_ID_Task.1354
                0x00000000000a1594                os_v_cs_ZCL_Task.1352
                0x00000000000a159c                os_v_cs_APP_CommissionTimerTask.1350
                0x00000000000a15a4                os_v_cs_APP_taskZncb.1348
                0x00000000000a15ac                bCLD_GroupsSearchForGroup.17868
                0x00000000000a15d1                pdum_u16ReadNBO
                0x00000000000a1732                PDUM_u16SizeNBO
                0x00000000000a1790                PDUM_u16APduInstanceWriteNBO
                0x00000000000a17fa                PDUM_thAPduInstanceGetApdu
                0x00000000000a1815                PDUM_eAPduInstanceSetPayloadSize
                0x00000000000a183d                PDUM_eNPduWriteDataFromBuffer
                0x00000000000a1897                PDUM_eNPduWriteDataToBuffer
                0x00000000000a18f5                PDUM_eNPduWriteFromBuffer
                0x00000000000a191e                PDUM_eNPduDescend
                0x00000000000a1944                PDUM_eNPduAscend
                0x00000000000a196a                PDUM_eNPduClaimData
                0x00000000000a19d7                PDUM_eNPduAppendDataNBO
                0x00000000000a1a34                PDUM_eNPduClaimHeader
                0x00000000000a1a57                PDUM_eNPduPrependHeaderNBO
                0x00000000000a1ab2                PDUM_eNPduInitDescending
                0x00000000000a1acd                eExpireSWTimer.90361
                0x00000000000a1b38                vEnterErrorHook.90344
                0x00000000000a1b5f                OS_eCollectMessage
                0x00000000000a1c20                eZCL_BuildClientTransmitAddressStructure
                0x00000000000a1c58                bZCL_CheckManufacturerSpecificAttributeFlagMatch
                0x00000000000a1c76                eZCL_GetAttributeTypeSize
                0x00000000000a1c95                vZCL_MarkAttributeInvalid
                0x00000000000a1d64                eZCL_CheckEPstructureIntegrity.70204
                0x00000000000a1f7d                u8ZCL_GetAttributeAllignToFourBytesBoundary
                0x00000000000a1f92                pvZCL_GetAttributePointer
                0x00000000000a2008                u16ZCL_GetStringStructureSize
                0x00000000000a2045                u16ZCL_GetStringAttributeTypeSizeFromBuffer
                0x00000000000a20b6                u16ZCL_GetStringSizeAndBufferFromStructure
                0x00000000000a2145                vZCL_GetInternalMutex
                0x00000000000a216e                eZCL_GetMutex
                0x00000000000a21a6                vZCL_InitializeClusterInstance
                0x00000000000a21bb                vZCL_ReleaseInternalMutex
                0x00000000000a21d5                eZCL_SearchForAttributeEntry
                0x00000000000a229d                eZCL_SearchForClusterEntry
                0x00000000000a232a                eZCL_BuildTransmitAddressStructure
                0x00000000000a239c                eZCL_SearchForEPentry
                0x00000000000a23e7                eZCL_SearchForEPentryAndCheckManufacturerId
                0x00000000000a2425                vZCL_PassEventToUser
                0x00000000000a2452                u8GetTransactionSequenceNumber
                0x00000000000a2473                u8ZCL_GetNumberOfEndpointsRegistered
                0x00000000000a248e                eZCL_ReleaseMutex
                0x00000000000a24bd                eZCL_Register.part.1.70213
                0x00000000000a24ea                boDLISTisEmpty
                0x00000000000a2502                vDLISTaddToTail
                0x00000000000a2530                psDLISTremove
                0x00000000000a2593                vWriteU64ToPayLoad.29882
                0x00000000000a25c0                vWriteU32ToPayLoad.29878
                0x00000000000a25d8                InvShiftRows
                0x00000000000a266b                InvSubBytes
                0x00000000000a26b1                AddRoundKey
                0x00000000000a26f2                getSBoxValue.8930
 .text          0x00000000000a2714     0x1031 C:\Users\nxp29741\AppData\Local\Temp\ccnjFi2h.ltrans24.ltrans.o
                0x00000000000a2714                zps_bAplZdoDefaultServer
                0x00000000000a298f                zps_eZdpNodeDescResponse
                0x00000000000a2a37                zps_eZdpSimpleDescResponse
                0x00000000000a2b44                zps_bAplZdoMgmtNWKUpdateServer
                0x00000000000a2e3e                zps_eZdpNwkAddrResponse
                0x00000000000a2f21                zps_eZdpIeeeAddrResponse
                0x00000000000a3004                zps_eZdpPowerDescResponse
                0x00000000000a30a1                zps_eZdpActiveEpResponse
                0x00000000000a3240                vZdoEndDeviceBindStateWaitSendWithAck
                0x00000000000a3583                zps_bAplZdoZdoClient
                0x00000000000a3693                zps_eAplZdpBindUnbindRequest.constprop.168
 .text          0x00000000000a3745     0x10c2 C:\Users\nxp29741\AppData\Local\Temp\ccnjFi2h.ltrans25.ltrans.o
                0x00000000000a379d                zps_vNwkHandleCmeActvStartRouterReq
                0x00000000000a38d3                vHandleNwkLocalUpdateAfterBcast.175766
                0x00000000000a3927                vHandleNwkRemoteUpdateAfterBcast.175757
                0x00000000000a397b                eSmeAcScScanDcfm.185402
                0x00000000000a3c49                ZPS_pvNwkCtor.constprop.156
                0x00000000000a41b8                ZPS_vNwkHandleNlmeReqRsp
                0x00000000000a4235                zps_vAplAfPostEvent
                0x00000000000a43a4                zps_eAplZdoNlmeleaveWrapper
                0x00000000000a4422                zps_bAplZdoMgmtLeaveServer
                0x00000000000a456d                zps_eAplZdoNlmePermitJoiningWrapper
                0x00000000000a4595                zps_bAplZdoPermitJoiningServer
                0x00000000000a4666                vChangeChannelTimerExpiry.129601
                0x00000000000a46c9                eLeaveReset.189401
                0x00000000000a473f                eLeaveDataDcfmLocalLeave.189411
                0x00000000000a47b6                zps_eAplZdoZllStartRouter
 *fill*         0x00000000000a4807        0x1 00
 .text          0x00000000000a4808      0xe7c C:\Users\nxp29741\AppData\Local\Temp\ccnjFi2h.ltrans26.ltrans.o
                0x00000000000a4808                vZCL_EventHandler
 .text          0x00000000000a5684      0xcff C:\Users\nxp29741\AppData\Local\Temp\ccnjFi2h.ltrans27.ltrans.o
                0x00000000000a5875                eCLD_ZllUtilityCommandHandler
                0x00000000000a5ab3                eZnc_SendWriteAttributesRequest.constprop.132
                0x00000000000a5efd                eCLD_IASZoneEnrollRespSend
                0x00000000000a5f38                eCLD_IASZoneCommandHandler
                0x00000000000a6085                eCLD_ASCLogNotificationORLogResponseSend
                0x00000000000a60de                eCLD_ApplianceStatisticsCommandHandler
 .text          0x00000000000a6383      0x907 C:\Users\nxp29741\AppData\Local\Temp\ccnjFi2h.ltrans28.ltrans.o
                0x00000000000a6383                vPDM_MoveAllDataFromListToList
                0x00000000000a63c1                vPDM_MoveAllDataToDeAllocList.constprop.180
                0x00000000000a63ec                PDM_vDeleteAllDataRecords
                0x00000000000a6469                vPDM_MoveAllDataWithBufferIdAndStateFromListToList
                0x00000000000a64f4                vPDM_MoveAllDataWithBufferIdFromListToList
                0x00000000000a6579                vPDM_DeleteAllSegmentsWithIdFromFileSystemList.constprop.119
                0x00000000000a65bb                vPDM_MoveFileRecordFromListToList
                0x00000000000a66cb                iPDM_VerifyDataSequenceWithBufferId
                0x00000000000a6771                vPDM_MoveRecordToDeAllocList
                0x00000000000a6791                iPDM_WriteSegmentHeaderAndData
                0x00000000000a699a                iPDM_SegmentCopyAndAppendData.constprop.179
                0x00000000000a69f4                iPDM_ReconstructReplacedDataTable
                0x00000000000a6b9b                iPDM_ReplaceChangedSegmentInSequence
 .text          0x00000000000a6c8a      0x917 C:\Users\nxp29741\AppData\Local\Temp\ccnjFi2h.ltrans29.ltrans.o
                0x00000000000a6c8a                os_vzps_taskZPS
                0x00000000000a6e4e                ZPS_vAplHandleApsdeReqRsp
                0x00000000000a726e                zps_eAplZdpApsdeReqInternal
                0x00000000000a72e9                zps_eAplZdpRequestApsdeReq
                0x00000000000a7369                vStartAndAnnounce
                0x00000000000a740b                zps_eZdpMatchDescResponse
                0x00000000000a74fc                zps_eZdpEndDeviceBindResponse
                0x00000000000a751d                zps_eAplZdpBindResponse
                0x00000000000a753e                zps_eZdpUnbindResponse
                0x00000000000a755f                zps_eZdpMgmtLeaveResponse
                0x00000000000a7580                zps_eZdpMgmtPermitJoiningResponse
 .text          0x00000000000a75a1      0x6c1 C:\Users\nxp29741\AppData\Local\Temp\ccnjFi2h.ltrans30.ltrans.o
                0x00000000000a75a1                os_vAPP_taskAtParser
                0x00000000000a75d5                os_vzps_isrMAC
                0x00000000000a7607                AppWarmStart
                0x00000000000a7612                AppColdStart
                0x00000000000a7a74                os_vUnclaimedInterrupt
                0x00000000000a7a86                os_vControlledInterrupt
                0x00000000000a7abf                os_vAPP_isrTickTimer
                0x00000000000a7baf                os_vAPP_isrUart
                0x00000000000a7c26                os_vAPP_isrIllegalInstruction
                0x00000000000a7c32                os_vAPP_isrBusErrorException
                0x00000000000a7c3e                os_vAPP_isrAlignmentException
                0x00000000000a7c4a                os_vAPP_isrUnimplementedModuleException
                0x00000000000a7c56                os_vAPP_isrStackOverflowException
 .text          0x00000000000a7c62        0x4 C:\Users\nxp29741\AppData\Local\Temp\ccnjFi2h.ltrans31.ltrans.o
                0x00000000000a7c62                os_vAPP_Commission_Task
 .text          0x00000000000a7c66       0x25 c:/nxp/bstudio_nxp/sdk/tools/ba-elf-ba2-r36379/bin/../lib/gcc/ba-elf/4.7.4/../../../../ba-elf/lib/mcpu_jn51xx_sizeopt\libc.a(lib_a-memcmp.o)
                0x00000000000a7c66                memcmp
 .text          0x00000000000a7c8b       0x19 c:/nxp/bstudio_nxp/sdk/tools/ba-elf-ba2-r36379/bin/../lib/gcc/ba-elf/4.7.4/../../../../ba-elf/lib/mcpu_jn51xx_sizeopt\libc.a(lib_a-memcpy.o)
 .text          0x00000000000a7ca4       0x12 c:/nxp/bstudio_nxp/sdk/tools/ba-elf-ba2-r36379/bin/../lib/gcc/ba-elf/4.7.4/../../../../ba-elf/lib/mcpu_jn51xx_sizeopt\libc.a(lib_a-memset.o)
                0x00000000000a7ca4                memset
 .text          0x00000000000a7cb6       0x12 c:/nxp/bstudio_nxp/sdk/tools/ba-elf-ba2-r36379/bin/../lib/gcc/ba-elf/4.7.4/../../../../ba-elf/lib/mcpu_jn51xx_sizeopt\libc.a(lib_a-strlen.o)
                0x00000000000a7cb6                strlen
 .text          0x00000000000a7cc8       0x2b c:/nxp/bstudio_nxp/sdk/tools/ba-elf-ba2-r36379/bin/../lib/gcc/ba-elf/4.7.4/../../../../ba-elf/lib/mcpu_jn51xx_sizeopt\libc.a(lib_a-strncpy.o)
                0x00000000000a7cc8                strncpy
 *fill*         0x00000000000a7cf3        0x1 00
 .text          0x00000000000a7cf4      0x204 c:/nxp/bstudio_nxp/sdk/tools/ba-elf-ba2-r36379/bin/../lib/gcc/ba-elf/4.7.4/mcpu_jn51xx_sizeopt\libgcc.a(__udivsi3.o)
                0x00000000000a7cf4                __udivsi3
 .text          0x00000000000a7ef8       0x30 c:/nxp/bstudio_nxp/sdk/tools/ba-elf-ba2-r36379/bin/../lib/gcc/ba-elf/4.7.4/mcpu_jn51xx_sizeopt\libgcc.a(__divsi3.o)
                0x00000000000a7ef8                __divsi3
 .text          0x00000000000a7f28      0x1b0 c:/nxp/bstudio_nxp/sdk/tools/ba-elf-ba2-r36379/bin/../lib/gcc/ba-elf/4.7.4/mcpu_jn51xx_sizeopt\libgcc.a(__umodsi3.o)
                0x00000000000a7f28                __umodsi3
 .text          0x00000000000a80d8       0x24 c:/nxp/bstudio_nxp/sdk/tools/ba-elf-ba2-r36379/bin/../lib/gcc/ba-elf/4.7.4/mcpu_jn51xx_sizeopt\libgcc.a(__modsi3.o)
                0x00000000000a80d8                __modsi3
 .text          0x00000000000a80fc      0x350 c:/nxp/bstudio_nxp/sdk/tools/ba-elf-ba2-r36379/bin/../lib/gcc/ba-elf/4.7.4/mcpu_jn51xx_sizeopt\libgcc.a(_udivdi3.o)
                0x00000000000a80fc                __udivdi3
 *fill*         0x00000000000a844c        0x4 00
 .text          0x00000000000a8450      0x148 os_irq.o
                0x00000000000a8450                os_ExternalException_W
                0x00000000000a8494                os_PIC_ChannelPriorities
                0x00000000000a84a4                os_OSMIUM_HwVectTable
                0x00000000000a84e0                os_PIC_SwVectTable
 .text          0x00000000000a8598       0x29 os_irq_alignment.o
                0x00000000000a8598                IRQ_Alignment
 .text          0x00000000000a85c1       0x29 os_irq_buserror.o
                0x00000000000a85c1                IRQ_BusError
 .text          0x00000000000a85ea       0x29 os_irq_illegalinstruction.o
                0x00000000000a85ea                IRQ_IllegalInstruction
 .text          0x00000000000a8613       0x29 os_irq_stackoverflowexception.o
                0x00000000000a8613                IRQ_StackOverflowException
 .text          0x00000000000a863c       0x29 os_irq_unimplementedmodule.o
                0x00000000000a863c                IRQ_UnimplementedModule
 *fill*         0x00000000000a8665        0x3 00
 .text          0x00000000000a8668       0xc0 c:/NXP/bstudio_nxp/sdk/JN-SW-4168/Components/Library\libOS_JN516x.a(os_contirq_JN516x.o)
                0x00000000000a8668                os_ExternalException_R
                0x00000000000a8698                os_CFunc_W
                0x00000000000a86e8                os_UnclaimedException_W
                0x00000000000a8708                os_UnclaimedInterrupt_W
 .text          0x00000000000a8728       0x48 c:/NXP/bstudio_nxp/sdk/JN-SW-4168/Components/Library\libPWRM_JN516x.a(pwrm_setjmp_JN516x.o)
                0x00000000000a8728                setjmp
                0x00000000000a874c                PWRM_longjmp
 .text          0x00000000000a8770       0x27 c:/NXP/bstudio_nxp/sdk/JN-SW-4168/Components/Library\libHardwareApi_JN5169.a(AHI_Interrupt.o)
                0x00000000000a8770                vAHI_InterruptSetPriority
                0x00000000000a878e                vAHI_InterruptSetActivePriorityLevel
 .text.vMicroSyscall
                0x00000000000a8797       0x17 c:/NXP/bstudio_nxp/sdk/JN-SW-4168/Components/Library\libMicroSpecific_JN516x.a(MicroSyscall_ba.o)
                0x00000000000a8797                vMicroSyscall
 .text          0x00000000000a87ae        0x0 c:/NXP/bstudio_nxp/sdk/JN-SW-4168/Components/Library\libOS_JN516x.a(os_version_lc.o)
                0x00000000000a87ae                OS_Version_1v2
 .text          0x00000000000a87ae        0x0 c:/NXP/bstudio_nxp/sdk/JN-SW-4168/Components/Library\libZPSAPL_JN516x.a(zps_apl_version_lc.o)
                0x00000000000a87ae                ZPS_APL_Version_2v0
 .text          0x00000000000a87ae        0x0 c:/NXP/bstudio_nxp/sdk/JN-SW-4168/Components/Library\libZPSNWK_JN516x.a(zps_nwk_version_lc.o)
                0x00000000000a87ae                ZPS_NWK_Version_2v0
                0x00000000000a87ae                _flash_end = ABSOLUTE (.)

.rela.dyn       0x00000000000a87b0        0x0
 .rela.text     0x0000000000000000        0x0 os_irq.o
 .rela.data     0x0000000000000000        0x0 os_irq.o
 .rela.rodata   0x0000000000000000        0x0 os_irq.o
 .rela.text.unlikely
                0x0000000000000000        0x0 os_irq.o
                0x000000000400004c                . = ORIGIN (ram)

.data           0x000000000400004c      0x888 load address 0x00000000000a87b0
                0x000000000400004c                _ram_data_start = ABSOLUTE (.)
 *(.data*)
 .data          0x000000000400004c       0x10 C:\Users\nxp29741\AppData\Local\Temp\ccnjFi2h.ltrans0.ltrans.o
                0x000000000400004c                sZllState
 .data          0x000000000400005c      0x118 C:\Users\nxp29741\AppData\Local\Temp\ccnjFi2h.ltrans1.ltrans.o
                0x000000000400005c                sCLD_Groups
 *fill*         0x0000000004000174        0x4 00
 .data          0x0000000004000178       0x28 C:\Users\nxp29741\AppData\Local\Temp\ccnjFi2h.ltrans2.ltrans.o
                0x0000000004000178                sDeviceTable
                0x0000000004000190                s_sLedState
 .data          0x00000000040001a0       0x24 C:\Users\nxp29741\AppData\Local\Temp\ccnjFi2h.ltrans3.ltrans.o
                0x00000000040001a0                u32HeapStart
 .data          0x00000000040001c4        0x3 C:\Users\nxp29741\AppData\Local\Temp\ccnjFi2h.ltrans4.ltrans.o
                0x00000000040001c4                eWifiCmMode.194897
 *fill*         0x00000000040001c7        0x1 00
 .data          0x00000000040001c8        0x2 C:\Users\nxp29741\AppData\Local\Temp\ccnjFi2h.ltrans5.ltrans.o
 .data          0x00000000040001ca        0x4 C:\Users\nxp29741\AppData\Local\Temp\ccnjFi2h.ltrans6.ltrans.o
 *fill*         0x00000000040001ce        0x2 00
 .data          0x00000000040001d0        0xc C:\Users\nxp29741\AppData\Local\Temp\ccnjFi2h.ltrans9.ltrans.o
                0x00000000040001d0                bCanLoopback.96328
 .data          0x00000000040001dc        0x2 C:\Users\nxp29741\AppData\Local\Temp\ccnjFi2h.ltrans22.ltrans.o
                0x00000000040001dc                u8MiniMacConfig_MaxConcurrentAssocResponses
                0x00000000040001dd                u8MiniMac_RunTimeOptions
 *fill*         0x00000000040001de        0x2 00
 .data          0x00000000040001e0       0x78 C:\Users\nxp29741\AppData\Local\Temp\ccnjFi2h.ltrans23.ltrans.o
                0x00000000040001e0                s_asapdujumboInstances
                0x00000000040001f8                s_asapduControlInstances
                0x0000000004000228                s_asapduZDPInstances
 .data          0x0000000004000258        0x1 C:\Users\nxp29741\AppData\Local\Temp\ccnjFi2h.ltrans29.ltrans.o
 *fill*         0x0000000004000259        0x7 00
 .data          0x0000000004000260      0x650 C:\Users\nxp29741\AppData\Local\Temp\ccnjFi2h.ltrans30.ltrans.o
                0x0000000004000260                s_keyPairTableStorage.3149
                0x00000000040002c0                os_Mutex_mutexMAC
                0x00000000040002c8                s_sApl.3101
                0x0000000004000414                os_Message_APP_msgZpsEvents
                0x0000000004000438                os_Message_APP_msgEvents
                0x000000000400045c                os_Message_APP_CommissionEvents
                0x0000000004000480                os_Message_APP_msgZpsEvents_ZCL
                0x00000000040004a4                os_SWTimer_APP_cntrTickTimer_APP_tmrToggleLED
                0x00000000040004c0                os_SWTimer_APP_cntrTickTimer_APP_CommissionTimer
                0x00000000040004dc                os_SWTimer_APP_cntrTickTimer_APP_IdTimer
                0x00000000040004f8                os_SWTimer_APP_cntrTickTimer_App_HAModeTimer
                0x0000000004000514                os_Task_zps_taskZPS
                0x0000000004000520                os_Task_APP_taskAtParser
                0x000000000400052c                os_Message_APP_msgSerialTx
                0x0000000004000550                s_prbMemberCheck.90468
                0x0000000004000554                s_prvErrorHook.90466
                0x0000000004000558                os_SWTimer_APP_cntrTickTimer_APP_TickTimer
                0x0000000004000574                g_u8ZpsExpiryMaxCount
 .data.s_asAPduPool
                0x00000000040008b0       0x24 pdum_apdu.o
                0x00000000040008b0                s_asAPduPool
                0x00000000040008b0                pdum_apduZDP
                0x00000000040008bc                pdum_apduControl
                0x00000000040008c8                pdum_apdujumbo
 *(.data.*)
                0x00000000040008d4                . = ALIGN (0x4)
                0x00000000040008d4                _ram_data_end = ABSOLUTE (.)

.bss            0x00000000040008d4     0x588c load address 0x00000000000a9038
                0x00000000040008d4                _bss_start = ABSOLUTE (.)
 *(.bss*)
 .bss           0x00000000040008d4      0x1d8 C:\Users\nxp29741\AppData\Local\Temp\ccnjFi2h.ltrans0.ltrans.o
                0x00000000040008d4                sMiniMacPib
                0x000000000400096c                pfTKDfunc
                0x0000000004000970                psZCL_Common
                0x0000000004000974                bBlackListEnable
                0x0000000004000975                bSendFactoryResetOverAir
                0x0000000004000978                u32OldFrameCtr
                0x000000000400097c                bResetIssued
                0x0000000004000980                u32ChannelMask
                0x0000000004000984                sCommission
                0x000000000400099c                au8LinkRxBuffer
 *fill*         0x0000000004000aac        0x4 00
 .bss           0x0000000004000ab0     0x1af0 C:\Users\nxp29741\AppData\Local\Temp\ccnjFi2h.ltrans1.ltrans.o
                0x0000000004000ab0                gu16NumberOfSegments.196148
                0x0000000004000ab4                psPDM_Common
                0x0000000004000ab8                s_psNPduPoolEnd.90744
                0x0000000004000abc                s_psNPduPoolStart.90743
                0x0000000004000ac0                s_psFreeListHead.90740
                0x0000000004000ac4                s_hMutex.90739
                0x0000000004000ac8                s_hMutex.90859
                0x0000000004000acc                s_asAPduPool.90858
                0x0000000004000ad0                sScenesCustomData.10989
                0x0000000004000ae0                psAplDefaultZLLAPSLinkKey
                0x0000000004000ae4                pfExtendedStatusCallBack.175279
                0x0000000004000ae8                sReversedMacAddr.194433
                0x0000000004000af0                sThisDeviceMacAddr
                0x0000000004000af8                sControlBridge
 .bss           0x00000000040025a0       0x10 C:\Users\nxp29741\AppData\Local\Temp\ccnjFi2h.ltrans2.ltrans.o
                0x00000000040025a0                u8Count.90741
                0x00000000040025a1                u8MaxNpdu.90742
                0x00000000040025a2                u8ApduCount.90860
                0x00000000040025a3                u8MaxApdu.90861
                0x00000000040025a4                u8JoinedDevice
                0x00000000040025a8                bSecondDisc.13385.7315
 .bss           0x00000000040025b0      0x14c C:\Users\nxp29741\AppData\Local\Temp\ccnjFi2h.ltrans3.ltrans.o
                0x00000000040025b0                RoundKey
                0x00000000040026a0                state
 .bss.initinboot
                0x00000000040026fc        0x1 C:\Users\nxp29741\AppData\Local\Temp\ccnjFi2h.ltrans4.ltrans.o
 *fill*         0x00000000040026fd        0x3 00
 .bss           0x0000000004002700       0x20 C:\Users\nxp29741\AppData\Local\Temp\ccnjFi2h.ltrans5.ltrans.o
 .bss           0x0000000004002720        0x8 C:\Users\nxp29741\AppData\Local\Temp\ccnjFi2h.ltrans6.ltrans.o
                0x0000000004002720                bIgnoreBroadcast
 .bss           0x0000000004002728        0x4 C:\Users\nxp29741\AppData\Local\Temp\ccnjFi2h.ltrans7.ltrans.o
 .bss           0x000000000400272c       0x34 C:\Users\nxp29741\AppData\Local\Temp\ccnjFi2h.ltrans8.ltrans.o
 .bss           0x0000000004002760      0x160 C:\Users\nxp29741\AppData\Local\Temp\ccnjFi2h.ltrans9.ltrans.o
                0x0000000004002760                apvAplPdmRecordsAddress
                0x0000000004002778                au16AplPdmRecordsSize
                0x0000000004002784                u8LogEnd
                0x0000000004002785                au8LogBuffer
                0x0000000004002888                s_psCurrentTask.90462
 .bss           0x00000000040028c0        0x4 C:\Users\nxp29741\AppData\Local\Temp\ccnjFi2h.ltrans10.ltrans.o
 .bss           0x00000000040028c4        0x8 C:\Users\nxp29741\AppData\Local\Temp\ccnjFi2h.ltrans11.ltrans.o
 .bss           0x00000000040028cc        0xe C:\Users\nxp29741\AppData\Local\Temp\ccnjFi2h.ltrans12.ltrans.o
                0x00000000040028cc                a16NwkPdmRecordSizes
 *fill*         0x00000000040028da        0x6 00
 .bss           0x00000000040028e0       0xc0 C:\Users\nxp29741\AppData\Local\Temp\ccnjFi2h.ltrans13.ltrans.o
                0x00000000040028e0                sTarget
                0x0000000004002900                sDstAddr
                0x0000000004002910                bScanActive
                0x0000000004002918                sScanTarget
 .bss           0x00000000040029a0        0x4 C:\Users\nxp29741\AppData\Local\Temp\ccnjFi2h.ltrans14.ltrans.o
                0x00000000040029a0                pfnHandleZllDeviceJoin
 .bss           0x00000000040029a4        0xc C:\Users\nxp29741\AppData\Local\Temp\ccnjFi2h.ltrans15.ltrans.o
                0x00000000040029a4                s_bWakeTimerActive.90540
 .bss           0x00000000040029b0       0x40 C:\Users\nxp29741\AppData\Local\Temp\ccnjFi2h.ltrans16.ltrans.o
 .bss           0x00000000040029f0        0xc C:\Users\nxp29741\AppData\Local\Temp\ccnjFi2h.ltrans17.ltrans.o
                0x00000000040029f0                sMiniMacPhyPib
 .bss           0x00000000040029fc       0x90 C:\Users\nxp29741\AppData\Local\Temp\ccnjFi2h.ltrans20.ltrans.o
                0x00000000040029fc                s_prExpireFn.197174
                0x0000000004002a00                sScanAttemptTimer
                0x0000000004002a1c                psTimerServerList
                0x0000000004002a20                aprTimerCallback
                0x0000000004002a3c                au32TimerCounter
                0x0000000004002a58                sMiniMacInternal
                0x0000000004002a84                bCheckChild
                0x0000000004002a88                pfOptionsFilterCallback
 *fill*         0x0000000004002a8c        0x4 00
 .bss           0x0000000004002a90       0x18 C:\Users\nxp29741\AppData\Local\Temp\ccnjFi2h.ltrans21.ltrans.o
                0x0000000004002a90                bBindLookup
                0x0000000004002a94                psBindUnbindServerContext
 .bss           0x0000000004002aa8      0x404 C:\Users\nxp29741\AppData\Local\Temp\ccnjFi2h.ltrans22.ltrans.o
                0x0000000004002aa8                s_u32x.168671
                0x0000000004002aac                s_hMutex.197173
                0x0000000004002ab0                pvRxStore
                0x0000000004002ab4                pvTxStore
                0x0000000004002ab8                g_pvAplHandle
                0x0000000004002abc                s_hMacMutex
                0x0000000004002ac0                s_sDcfmIndMgr.196891
                0x0000000004002ac8                prAppMcpsGetBuffer
                0x0000000004002acc                prAppMlmeGetBuffer
                0x0000000004002ad0                prAppMcpsCallback
                0x0000000004002ad4                prAppMlmeCallback
                0x0000000004002ad8                psFreeMsgListHead
                0x0000000004002adc                psActiveMsgListHead
                0x0000000004002ae0                s_groupTablePdmStorage.3258
 .bss           0x0000000004002eac      0x470 C:\Users\nxp29741\AppData\Local\Temp\ccnjFi2h.ltrans23.ltrans.o
 .bss           0x000000000400331c        0x1 C:\Users\nxp29741\AppData\Local\Temp\ccnjFi2h.ltrans24.ltrans.o
                0x000000000400331c                bDefaultServerIgnoreHandleMgmtUpdate
 *fill*         0x000000000400331d        0x3 00
 .bss           0x0000000004003320        0x4 C:\Users\nxp29741\AppData\Local\Temp\ccnjFi2h.ltrans26.ltrans.o
                0x0000000004003320                zps_psNwk
 .bss           0x0000000004003324       0x74 C:\Users\nxp29741\AppData\Local\Temp\ccnjFi2h.ltrans27.ltrans.o
                0x0000000004003324                sGroupTable
                0x0000000004003338                sEndpointTable
 .bss           0x0000000004003398        0x4 C:\Users\nxp29741\AppData\Local\Temp\ccnjFi2h.ltrans29.ltrans.o
                0x0000000004003398                u32DataQueueCount
 *fill*         0x000000000400339c        0x4 00
 .bss           0x00000000040033a0     0x2d80 C:\Users\nxp29741\AppData\Local\Temp\ccnjFi2h.ltrans30.ltrans.o
                0x00000000040033a0                s_sDefaultServerContext.3163
                0x00000000040033a8                s_sEndDeviceBindServerContext.3094
                0x00000000040033e8                s_sMgmtRtgServerContext.3095
                0x00000000040033f0                s_sPermitJoiningServerContext.3096
                0x00000000040033f8                s_sBindRequestServerContext.3097
                0x0000000004003438                s_sBindUnbindServerContext.3099
                0x0000000004003478                s_sMgmtNWKUpdateServerContext.3100
                0x00000000040034b8                s_sMgmtLeaveServerContext.3162
                0x00000000040034e0                s_sMgmtLqiServerContext.3161
                0x00000000040034e8                s_sSimpleDescServerContext.3160
                0x00000000040034f0                s_sMatchDescServerContext.3159
                0x00000000040034f8                s_sPowerDescServerContext.3158
                0x0000000004003500                s_sNodeDescServerContext.3157
                0x0000000004003508                s_sSystemServerDiscoveryServerContext.3156
                0x0000000004003510                s_sIeeeAddrServerContext.3155
                0x0000000004003518                s_sNwkAddrServerContext.3154
                0x0000000004003520                s_sActiveEpServerContext.3153
                0x0000000004003528                s_sZdoClientContext.3151
                0x0000000004003528                s_sDeviceAnnceServerContext.3152
                0x0000000004003530                s_i16RxByte
                0x0000000004003532                s_u16ActivityCounter
                0x0000000004003534                s_u32LastExpiredTime.8920
                0x0000000004003538                s_u32CompareTime.8919
                0x000000000400353c                vFlushFn.170943
                0x0000000004003540                vPutchFn.170938
                0x0000000004003544                s_u32CurrentPriorityMask.90461
                0x0000000004003548                s_u8OSLevelIPL.90465
                0x000000000400354c                s_asTasks.90464
                0x0000000004003550                s_u32PendingQueue.90463
                0x0000000004003554                au8Buffer
                0x00000000040035d4                sDeviceDesc
                0x00000000040035d8                g_bStopZdpAcks
                0x00000000040035dc                pwrm_CPUContext
                0x0000000004003600                s_psVsMcpsDcfmInd.111665
                0x0000000004003604                s_psMacDcfmInd.111664
 .bss.dontinitinboot
                0x0000000004006120       0x40 c:/NXP/bstudio_nxp/sdk/JN-SW-4168/Components/Library\libBoot_JN516x.a(ExceptionHandler.o)
                0x0000000004006120                isr_handlers
 *(.bss.*)
 *(.scommon*)
 *(.scommon.*)
 *(COMMON)
                0x0000000004006160                . = ALIGN (0x4)
                0x0000000004006160                _bss_end = ABSOLUTE (.)

.heap           0x0000000004006160      0x3e8 load address 0x00000000000ae8c4
                0x0000000004006160                _heap_start = ABSOLUTE (.)
                0x0000000004006548                . = (. + _minimum_heap_size)
 *fill*         0x0000000004006160      0x3e8 00

.stack          0x0000000004007060      0xfa0 load address 0x00000000000af7c4
                0x0000000004007060                _heap_end = ABSOLUTE (.)
                0x0000000004007060                _stack_low_water_mark = ABSOLUTE (.)
                0x0000000004008000                . = (. + _stack_size)
 *fill*         0x0000000004007060      0xfa0 00

.test           0x00000000000a9038        0x1
                0x00000000000a9038        0x1 BYTE 0xff